172.16.0.12 - - [25/Jan/2024:06:46:18 +0000] "PUT /api/v2/auth/login HTTP/1.1" 200 4637 "-" "Wget/1.21.3"
10.0.0.4 - - [07/Jan/2024:11:19:50 +0000] "PATCH /static/app.js HTTP/1.1" 200 25152 "-" "Mozilla/5.0 (Windows NT 10.0; Win64; x64) AppleWebKit/537.36"
10.0.0.4 - - [24/Jan/2024:16:31:56 +0000] "POST / HTTP/1.1" 401 14378 "-" "Wget/1.21.3"
172.16.0.12 - - [21/Jan/2024:14:36:24 +0000] "POST /api/v1/users HTTP/1.1" 201 10595 "-" "Googlebot/2.1"
192.168.1.5 - - [26/Jan/2024:11:38:32 +0000] "POST /api/v1/orders HTTP/1.1" 201 19549 "-" "curl/7.88.1"
10.10.10.10 - - [08/Jan/2024:12:52:03 +0000] "POST /api/v1/search HTTP/1.1" 200 1663 "-" "python-requests/2.28.0"
172.16.0.12 - - [25/Jan/2024:17:45:40 +0000] "PATCH /admin/dashboard HTTP/1.1" 200 28100 "-" "Wget/1.21.3"
198.51.100.7 - - [14/Jan/2024:13:49:28 +0000] "PUT /api/v1/search HTTP/1.1" 201 10489 "-" "curl/7.88.1"
192.168.0.1 - - [19/Jan/2024:10:28:04 +0000] "PUT /api/v1/users HTTP/1.1" 200 13627 "-" "Googlebot/2.1"
192.168.0.1 - - [14/Jan/2024:03:04:42 +0000] "PATCH /api/v1/users HTTP/1.1" 200 45049 "-" "Mozilla/5.0 (Windows NT 10.0; Win64; x64) AppleWebKit/537.36"
192.168.0.1 - - [29/Jan/2024:16:36:04 +0000] "PUT /static/app.js HTTP/1.1" 200 4004 "-" "Mozilla/5.0 (Windows NT 10.0; Win64; x64) AppleWebKit/537.36"
10.10.10.10 - - [16/Jan/2024:08:36:58 +0000] "GET /static/style.css HTTP/1.1" 200 18323 "-" "sqlmap/1.7.8"
185.220.101.5 - - [02/Jan/2024:16:52:57 +0000] "GET /health HTTP/1.1" 201 37625 "-" "sqlmap/1.7.8"
10.0.0.4 - - [06/Jan/2024:04:45:09 +0000] "DELETE /api/v1/search HTTP/1.1" 200 1981 "-" "Googlebot/2.1"
66.249.64.15 - - [22/Jan/2024:05:50:39 +0000] "PATCH /api/v1/search HTTP/1.1" 200 14519 "-" "python-requests/2.28.0"
203.0.113.42 - - [10/Jan/2024:21:42:22 +0000] "DELETE /api/v1/orders HTTP/1.1" 200 32101 "-" "sqlmap/1.7.8"
10.0.0.4 - - [05/Jan/2024:18:45:36 +0000] "PATCH /health HTTP/1.1" 500 20167 "-" "curl/7.88.1"
185.220.101.5 - - [29/Jan/2024:22:51:44 +0000] "GET /admin/dashboard HTTP/1.1" 400 14076 "-" "Mozilla/5.0 (Windows NT 10.0; Win64; x64) AppleWebKit/537.36"
198.51.100.7 - - [27/Jan/2024:18:30:23 +0000] "PUT /static/app.js HTTP/1.1" 301 2532 "-" "Googlebot/2.1"
172.16.0.12 - - [13/Jan/2024:08:43:45 +0000] "DELETE /static/app.js HTTP/1.1" 200 11504 "-" "curl/7.88.1"
198.51.100.7 - - [12/Jan/2024:04:38:45 +0000] "PATCH /static/app.js HTTP/1.1" 201 19523 "-" "sqlmap/1.7.8"
54.23.111.8 - - [21/Jan/2024:11:30:19 +0000] "GET /api/v1/orders HTTP/1.1" 401 24955 "-" "Googlebot/2.1"
192.168.0.1 - - [04/Jan/2024:03:48:22 +0000] "POST /api/v1/payments HTTP/1.1" 200 31726 "-" "curl/7.88.1"
54.23.111.8 - - [05/Jan/2024:04:06:25 +0000] "GET /health HTTP/1.1" 200 9949 "-" "python-requests/2.28.0"
192.168.0.1 - - [19/Jan/2024:05:19:43 +0000] "DELETE /api/v1/users HTTP/1.1" 404 5900 "-" "Googlebot/2.1"
54.23.111.8 - - [22/Jan/2024:23:57:16 +0000] "POST /api/v2/auth/login HTTP/1.1" 200 4730 "-" "Googlebot/2.1"
198.51.100.7 - - [29/Jan/2024:05:51:19 +0000] "PATCH /static/style.css HTTP/1.1" 503 23231 "-" "Mozilla/5.0 (Windows NT 10.0; Win64; x64) AppleWebKit/537.36"
192.168.0.1 - - [22/Jan/2024:18:48:11 +0000] "GET /api/v1/products HTTP/1.1" 201 43298 "-" "python-requests/2.28.0"
192.168.1.5 - - [03/Jan/2024:22:14:23 +0000] "DELETE /api/v2/auth/login HTTP/1.1" 401 28911 "-" "python-requests/2.28.0"
198.51.100.7 - - [06/Jan/2024:05:59:18 +0000] "PUT /static/style.css HTTP/1.1" 400 3834 "-" "Googlebot/2.1"
185.220.101.5 - - [22/Jan/2024:21:19:33 +0000] "POST /api/v1/search HTTP/1.1" 500 46359 "-" "python-requests/2.28.0"
198.51.100.7 - - [16/Jan/2024:20:47:45 +0000] "POST /api/v1/search HTTP/1.1" 404 33852 "-" "sqlmap/1.7.8"
66.249.64.15 - - [11/Jan/2024:16:02:31 +0000] "PUT /health HTTP/1.1" 200 16814 "-" "Googlebot/2.1"
185.220.101.5 - - [01/Jan/2024:23:06:01 +0000] "GET /static/style.css HTTP/1.1" 200 7777 "-" "Mozilla/5.0 (Windows NT 10.0; Win64; x64) AppleWebKit/537.36"
10.0.0.4 - - [02/Jan/2024:15:06:29 +0000] "GET /admin/dashboard HTTP/1.1" 500 9380 "-" "Googlebot/2.1"
10.10.10.10 - - [28/Jan/2024:12:26:10 +0000] "GET /static/app.js HTTP/1.1" 200 15090 "-" "Wget/1.21.3"
10.0.0.4 - - [08/Jan/2024:14:52:18 +0000] "DELETE /api/v1/orders HTTP/1.1" 200 2561 "-" "Mozilla/5.0 (Windows NT 10.0; Win64; x64) AppleWebKit/537.36"
185.220.101.5 - - [02/Jan/2024:08:57:59 +0000] "GET /api/v1/webhooks HTTP/1.1" 201 35834 "-" "Wget/1.21.3"
198.51.100.7 - - [07/Jan/2024:15:30:06 +0000] "POST /api/v1/payments HTTP/1.1" 201 4484 "-" "Wget/1.21.3"
10.10.10.10 - - [08/Jan/2024:04:41:06 +0000] "POST /api/v2/auth/login HTTP/1.1" 200 36957 "-" "sqlmap/1.7.8"
66.249.64.15 - - [19/Jan/2024:01:40:06 +0000] "PATCH /api/v1/search HTTP/1.1" 302 10115 "-" "curl/7.88.1"
185.220.101.5 - - [20/Jan/2024:04:31:02 +0000] "GET /health HTTP/1.1" 200 39926 "-" "Mozilla/5.0 (Windows NT 10.0; Win64; x64) AppleWebKit/537.36"
54.23.111.8 - - [24/Jan/2024:17:17:15 +0000] "PATCH /admin/dashboard HTTP/1.1" 401 18331 "-" "Mozilla/5.0 (Windows NT 10.0; Win64; x64) AppleWebKit/537.36"
172.16.0.12 - - [17/Jan/2024:11:22:32 +0000] "POST /api/v1/users HTTP/1.1" 200 2151 "-" "Googlebot/2.1"
198.51.100.7 - - [17/Jan/2024:21:17:36 +0000] "PATCH /api/v1/orders HTTP/1.1" 403 29831 "-" "Mozilla/5.0 (Windows NT 10.0; Win64; x64) AppleWebKit/537.36"
192.168.1.5 - - [27/Jan/2024:05:20:29 +0000] "DELETE /api/v1/search HTTP/1.1" 200 13579 "-" "curl/7.88.1"
10.0.0.4 - - [25/Jan/2024:05:29:28 +0000] "PUT / HTTP/1.1" 200 35991 "-" "Googlebot/2.1"
54.23.111.8 - - [17/Jan/2024:11:20:43 +0000] "PATCH /static/style.css HTTP/1.1" 200 45990 "-" "sqlmap/1.7.8"
185.220.101.5 - - [30/Jan/2024:20:35:15 +0000] "GET /api/v1/orders HTTP/1.1" 500 16572 "-" "sqlmap/1.7.8"
172.16.0.12 - - [27/Jan/2024:13:37:07 +0000] "DELETE /api/v1/products HTTP/1.1" 500 5612 "-" "Wget/1.21.3"
185.220.101.5 - - [17/Jan/2024:16:35:30 +0000] "DELETE / HTTP/1.1" 200 46099 "-" "Wget/1.21.3"
66.249.64.15 - - [02/Jan/2024:10:03:02 +0000] "PUT /api/v1/users HTTP/1.1" 200 47248 "-" "sqlmap/1.7.8"
198.51.100.7 - - [20/Jan/2024:10:18:04 +0000] "DELETE /api/v2/auth/login HTTP/1.1" 200 33938 "-" "sqlmap/1.7.8"
10.0.0.4 - - [25/Jan/2024:04:22:49 +0000] "POST /api/v1/payments HTTP/1.1" 302 24919 "-" "Wget/1.21.3"
10.10.10.10 - - [13/Jan/2024:23:51:04 +0000] "PUT /api/v1/products HTTP/1.1" 404 20309 "-" "sqlmap/1.7.8"
54.23.111.8 - - [27/Jan/2024:21:58:58 +0000] "PATCH /api/v1/webhooks HTTP/1.1" 200 33942 "-" "Mozilla/5.0 (Windows NT 10.0; Win64; x64) AppleWebKit/537.36"
192.168.0.1 - - [19/Jan/2024:10:29:45 +0000] "POST /static/app.js HTTP/1.1" 200 3725 "-" "Mozilla/5.0 (Windows NT 10.0; Win64; x64) AppleWebKit/537.36"
192.168.0.1 - - [08/Jan/2024:18:04:06 +0000] "PUT /health HTTP/1.1" 429 25784 "-" "python-requests/2.28.0"
54.23.111.8 - - [26/Jan/2024:06:36:48 +0000] "DELETE /static/style.css HTTP/1.1" 200 34245 "-" "Googlebot/2.1"
198.51.100.7 - - [22/Jan/2024:17:42:35 +0000] "GET /api/v1/webhooks HTTP/1.1" 201 27006 "-" "curl/7.88.1"
10.10.10.10 - - [14/Jan/2024:23:23:29 +0000] "POST /api/v1/products HTTP/1.1" 503 20869 "-" "Mozilla/5.0 (Windows NT 10.0; Win64; x64) AppleWebKit/537.36"
10.0.0.4 - - [08/Jan/2024:01:26:23 +0000] "GET /api/v1/search HTTP/1.1" 201 10945 "-" "curl/7.88.1"
10.0.0.4 - - [14/Jan/2024:15:36:38 +0000] "PATCH /api/v2/auth/login HTTP/1.1" 200 46024 "-" "sqlmap/1.7.8"
172.16.0.12 - - [28/Jan/2024:08:30:10 +0000] "POST /api/v2/auth/login HTTP/1.1" 201 14258 "-" "Mozilla/5.0 (Windows NT 10.0; Win64; x64) AppleWebKit/537.36"
10.0.0.4 - - [02/Jan/2024:17:28:47 +0000] "PUT / HTTP/1.1" 429 8258 "-" "python-requests/2.28.0"
198.51.100.7 - - [17/Jan/2024:15:46:35 +0000] "PATCH /health HTTP/1.1" 429 43512 "-" "Mozilla/5.0 (Windows NT 10.0; Win64; x64) AppleWebKit/537.36"
192.168.0.1 - - [02/Jan/2024:07:04:50 +0000] "PUT /api/v1/users HTTP/1.1" 500 29334 "-" "Wget/1.21.3"
185.220.101.5 - - [08/Jan/2024:02:06:20 +0000] "POST /api/v2/auth/login HTTP/1.1" 200 5484 "-" "Mozilla/5.0 (Windows NT 10.0; Win64; x64) AppleWebKit/537.36"
66.249.64.15 - - [28/Jan/2024:04:41:11 +0000] "DELETE /api/v1/webhooks HTTP/1.1" 200 25756 "-" "Wget/1.21.3"
203.0.113.42 - - [09/Jan/2024:12:28:57 +0000] "PATCH / HTTP/1.1" 200 3144 "-" "Googlebot/2.1"
54.23.111.8 - - [08/Jan/2024:00:49:36 +0000] "DELETE /static/style.css HTTP/1.1" 200 44500 "-" "Googlebot/2.1"
54.23.111.8 - - [27/Jan/2024:05:32:32 +0000] "POST / HTTP/1.1" 200 33944 "-" "curl/7.88.1"
172.16.0.12 - - [26/Jan/2024:14:14:30 +0000] "PATCH /api/v1/webhooks HTTP/1.1" 200 28061 "-" "curl/7.88.1"
10.0.0.4 - - [28/Jan/2024:20:19:26 +0000] "PATCH / HTTP/1.1" 400 36541 "-" "curl/7.88.1"
198.51.100.7 - - [26/Jan/2024:15:17:36 +0000] "PATCH /api/v1/search HTTP/1.1" 401 35534 "-" "Mozilla/5.0 (Windows NT 10.0; Win64; x64) AppleWebKit/537.36"
10.0.0.4 - - [05/Jan/2024:21:09:45 +0000] "GET /api/v1/users HTTP/1.1" 301 34793 "-" "Mozilla/5.0 (Windows NT 10.0; Win64; x64) AppleWebKit/537.36"
54.23.111.8 - - [20/Jan/2024:11:41:05 +0000] "GET /api/v1/webhooks HTTP/1.1" 200 34104 "-" "curl/7.88.1"
10.10.10.10 - - [23/Jan/2024:08:12:23 +0000] "GET /static/style.css HTTP/1.1" 200 47460 "-" "Googlebot/2.1"
185.220.101.5 - - [07/Jan/2024:16:14:09 +0000] "GET /api/v1/payments HTTP/1.1" 201 34771 "-" "Wget/1.21.3"
192.168.0.1 - - [01/Jan/2024:23:12:25 +0000] "POST /api/v1/orders HTTP/1.1" 201 22480 "-" "Wget/1.21.3"
192.168.0.1 - - [26/Jan/2024:15:20:02 +0000] "POST /api/v2/auth/login HTTP/1.1" 200 42178 "-" "Mozilla/5.0 (Windows NT 10.0; Win64; x64) AppleWebKit/537.36"
192.168.0.1 - - [23/Jan/2024:06:11:01 +0000] "PUT /admin/dashboard HTTP/1.1" 301 10923 "-" "Mozilla/5.0 (Windows NT 10.0; Win64; x64) AppleWebKit/537.36"
54.23.111.8 - - [18/Jan/2024:17:15:31 +0000] "POST /health HTTP/1.1" 429 8959 "-" "sqlmap/1.7.8"
203.0.113.42 - - [15/Jan/2024:17:12:59 +0000] "GET /api/v1/webhooks HTTP/1.1" 502 7133 "-" "Wget/1.21.3"
172.16.0.12 - - [12/Jan/2024:15:56:39 +0000] "POST /api/v1/payments HTTP/1.1" 200 12771 "-" "curl/7.88.1"
192.168.1.5 - - [10/Jan/2024:19:59:49 +0000] "POST /api/v2/auth/login HTTP/1.1" 200 23886 "-" "python-requests/2.28.0"
66.249.64.15 - - [02/Jan/2024:02:55:48 +0000] "POST /admin/dashboard HTTP/1.1" 201 39192 "-" "sqlmap/1.7.8"
172.16.0.12 - - [29/Jan/2024:12:06:59 +0000] "GET /static/app.js HTTP/1.1" 500 45240 "-" "Wget/1.21.3"
66.249.64.15 - - [23/Jan/2024:06:56:12 +0000] "DELETE /admin/dashboard HTTP/1.1" 200 2321 "-" "python-requests/2.28.0"
192.168.1.5 - - [21/Jan/2024:03:44:18 +0000] "PUT /api/v1/payments HTTP/1.1" 201 15630 "-" "Wget/1.21.3"
172.16.0.12 - - [26/Jan/2024:20:59:23 +0000] "POST / HTTP/1.1" 200 34893 "-" "python-requests/2.28.0"
192.168.1.5 - - [26/Jan/2024:17:49:12 +0000] "PUT /api/v1/webhooks HTTP/1.1" 200 29819 "-" "python-requests/2.28.0"
198.51.100.7 - - [07/Jan/2024:19:47:56 +0000] "GET /api/v1/webhooks HTTP/1.1" 200 42465 "-" "Googlebot/2.1"
66.249.64.15 - - [30/Jan/2024:16:45:03 +0000] "GET /api/v1/webhooks HTTP/1.1" 301 29430 "-" "python-requests/2.28.0"
10.0.0.4 - - [23/Jan/2024:02:03:39 +0000] "DELETE /api/v1/search HTTP/1.1" 200 20686 "-" "Googlebot/2.1"
192.168.1.5 - - [16/Jan/2024:19:37:53 +0000] "DELETE /api/v1/orders HTTP/1.1" 429 30768 "-" "python-requests/2.28.0"
192.168.1.5 - - [26/Jan/2024:18:37:00 +0000] "PATCH /api/v2/auth/login HTTP/1.1" 200 14094 "-" "sqlmap/1.7.8"
10.0.0.4 - - [02/Jan/2024:06:05:48 +0000] "GET /api/v2/auth/login HTTP/1.1" 502 7335 "-" "Googlebot/2.1"
192.168.1.5 - - [07/Jan/2024:19:36:01 +0000] "PATCH /api/v1/webhooks HTTP/1.1" 404 2801 "-" "Wget/1.21.3"
185.220.101.5 - - [10/Jan/2024:22:44:33 +0000] "PUT /api/v1/webhooks HTTP/1.1" 200 25528 "-" "Mozilla/5.0 (Windows NT 10.0; Win64; x64) AppleWebKit/537.36"
10.10.10.10 - - [14/Jan/2024:11:17:25 +0000] "GET /api/v1/webhooks HTTP/1.1" 200 24504 "-" "python-requests/2.28.0"
54.23.111.8 - - [26/Jan/2024:16:16:36 +0000] "DELETE /api/v2/auth/login HTTP/1.1" 200 23095 "-" "Googlebot/2.1"
10.10.10.10 - - [21/Jan/2024:10:12:00 +0000] "GET / HTTP/1.1" 200 23965 "-" "python-requests/2.28.0"
198.51.100.7 - - [21/Jan/2024:11:46:03 +0000] "POST /api/v1/webhooks HTTP/1.1" 200 14075 "-" "curl/7.88.1"
66.249.64.15 - - [08/Jan/2024:16:37:20 +0000] "PUT /api/v1/orders HTTP/1.1" 500 3487 "-" "Googlebot/2.1"
192.168.0.1 - - [07/Jan/2024:19:35:19 +0000] "DELETE /api/v1/orders HTTP/1.1" 201 35394 "-" "Wget/1.21.3"
54.23.111.8 - - [21/Jan/2024:19:36:02 +0000] "GET /static/app.js HTTP/1.1" 200 45665 "-" "sqlmap/1.7.8"
54.23.111.8 - - [11/Jan/2024:18:19:48 +0000] "POST /admin/dashboard HTTP/1.1" 200 32017 "-" "Wget/1.21.3"
192.168.0.1 - - [24/Jan/2024:17:29:39 +0000] "POST /admin/dashboard HTTP/1.1" 200 34622 "-" "python-requests/2.28.0"
192.168.1.5 - - [24/Jan/2024:08:50:52 +0000] "PUT /static/style.css HTTP/1.1" 200 39757 "-" "Mozilla/5.0 (Windows NT 10.0; Win64; x64) AppleWebKit/537.36"
198.51.100.7 - - [25/Jan/2024:20:47:09 +0000] "PATCH /admin/dashboard HTTP/1.1" 200 19418 "-" "Googlebot/2.1"
198.51.100.7 - - [16/Jan/2024:08:24:37 +0000] "GET /static/app.js HTTP/1.1" 200 10892 "-" "Mozilla/5.0 (Windows NT 10.0; Win64; x64) AppleWebKit/537.36"
10.10.10.10 - - [24/Jan/2024:15:20:05 +0000] "GET /api/v1/search HTTP/1.1" 301 15333 "-" "python-requests/2.28.0"
172.16.0.12 - - [18/Jan/2024:08:03:42 +0000] "POST /static/style.css HTTP/1.1" 200 23658 "-" "python-requests/2.28.0"
172.16.0.12 - - [17/Jan/2024:16:21:29 +0000] "POST /static/style.css HTTP/1.1" 200 36800 "-" "Wget/1.21.3"
66.249.64.15 - - [07/Jan/2024:22:42:38 +0000] "PUT /static/style.css HTTP/1.1" 403 46042 "-" "python-requests/2.28.0"
172.16.0.12 - - [12/Jan/2024:06:13:23 +0000] "PUT /static/style.css HTTP/1.1" 200 31335 "-" "python-requests/2.28.0"
54.23.111.8 - - [13/Jan/2024:20:45:32 +0000] "DELETE /health HTTP/1.1" 200 18887 "-" "python-requests/2.28.0"
66.249.64.15 - - [13/Jan/2024:04:30:07 +0000] "DELETE /api/v1/search HTTP/1.1" 200 5929 "-" "python-requests/2.28.0"
10.0.0.4 - - [22/Jan/2024:15:25:42 +0000] "DELETE /api/v1/products HTTP/1.1" 500 37884 "-" "sqlmap/1.7.8"
66.249.64.15 - - [08/Jan/2024:16:11:52 +0000] "PATCH /api/v2/auth/login HTTP/1.1" 401 19658 "-" "sqlmap/1.7.8"
66.249.64.15 - - [27/Jan/2024:20:39:34 +0000] "POST /api/v1/webhooks HTTP/1.1" 200 9653 "-" "python-requests/2.28.0"
10.0.0.4 - - [04/Jan/2024:07:10:59 +0000] "GET / HTTP/1.1" 201 26869 "-" "python-requests/2.28.0"
192.168.0.1 - - [22/Jan/2024:10:16:02 +0000] "PUT /static/app.js HTTP/1.1" 201 31364 "-" "python-requests/2.28.0"
192.168.0.1 - - [15/Jan/2024:02:33:54 +0000] "POST /api/v1/payments HTTP/1.1" 201 45548 "-" "Mozilla/5.0 (Windows NT 10.0; Win64; x64) AppleWebKit/537.36"
203.0.113.42 - - [13/Jan/2024:05:56:15 +0000] "DELETE /health HTTP/1.1" 200 16140 "-" "curl/7.88.1"
198.51.100.7 - - [12/Jan/2024:22:37:50 +0000] "PUT /static/app.js HTTP/1.1" 200 47654 "-" "curl/7.88.1"
172.16.0.12 - - [14/Jan/2024:19:34:18 +0000] "DELETE /static/style.css HTTP/1.1" 200 26362 "-" "sqlmap/1.7.8"
185.220.101.5 - - [12/Jan/2024:23:58:49 +0000] "DELETE /api/v1/payments HTTP/1.1" 200 1675 "-" "Googlebot/2.1"
198.51.100.7 - - [25/Jan/2024:16:06:06 +0000] "PATCH /api/v1/payments HTTP/1.1" 200 29481 "-" "Mozilla/5.0 (Windows NT 10.0; Win64; x64) AppleWebKit/537.36"
198.51.100.7 - - [01/Jan/2024:19:18:16 +0000] "DELETE /api/v1/payments HTTP/1.1" 500 20342 "-" "Wget/1.21.3"
192.168.0.1 - - [01/Jan/2024:12:01:13 +0000] "PUT /static/style.css HTTP/1.1" 403 35906 "-" "Googlebot/2.1"
185.220.101.5 - - [07/Jan/2024:14:20:10 +0000] "GET /api/v1/search HTTP/1.1" 200 22180 "-" "curl/7.88.1"
192.168.0.1 - - [02/Jan/2024:04:11:28 +0000] "PATCH /api/v1/orders HTTP/1.1" 401 1139 "-" "curl/7.88.1"
54.23.111.8 - - [22/Jan/2024:16:46:00 +0000] "PATCH /health HTTP/1.1" 200 15777 "-" "python-requests/2.28.0"
198.51.100.7 - - [20/Jan/2024:15:29:07 +0000] "PATCH /api/v1/webhooks HTTP/1.1" 200 23018 "-" "Wget/1.21.3"
10.0.0.4 - - [15/Jan/2024:12:15:41 +0000] "PATCH /static/style.css HTTP/1.1" 403 45944 "-" "Wget/1.21.3"
198.51.100.7 - - [20/Jan/2024:03:43:19 +0000] "PATCH /api/v1/payments HTTP/1.1" 400 20198 "-" "sqlmap/1.7.8"
203.0.113.42 - - [20/Jan/2024:03:25:40 +0000] "DELETE /admin/dashboard HTTP/1.1" 200 45470 "-" "Mozilla/5.0 (Windows NT 10.0; Win64; x64) AppleWebKit/537.36"
192.168.1.5 - - [03/Jan/2024:06:28:58 +0000] "DELETE /api/v1/products HTTP/1.1" 200 22058 "-" "Mozilla/5.0 (Windows NT 10.0; Win64; x64) AppleWebKit/537.36"
54.23.111.8 - - [10/Jan/2024:13:50:24 +0000] "PATCH /static/style.css HTTP/1.1" 200 25008 "-" "python-requests/2.28.0"
203.0.113.42 - - [30/Jan/2024:08:32:49 +0000] "PUT /api/v1/search HTTP/1.1" 200 17097 "-" "Wget/1.21.3"
198.51.100.7 - - [26/Jan/2024:00:14:25 +0000] "PUT / HTTP/1.1" 201 27702 "-" "Mozilla/5.0 (Windows NT 10.0; Win64; x64) AppleWebKit/537.36"
10.0.0.4 - - [01/Jan/2024:01:35:01 +0000] "DELETE /api/v1/users HTTP/1.1" 200 44214 "-" "Mozilla/5.0 (Windows NT 10.0; Win64; x64) AppleWebKit/537.36"
172.16.0.12 - - [13/Jan/2024:10:03:08 +0000] "POST /api/v1/users HTTP/1.1" 201 30598 "-" "sqlmap/1.7.8"
10.10.10.10 - - [20/Jan/2024:01:49:31 +0000] "PUT /api/v1/webhooks HTTP/1.1" 200 38565 "-" "Wget/1.21.3"
66.249.64.15 - - [03/Jan/2024:00:28:20 +0000] "POST /static/app.js HTTP/1.1" 200 27243 "-" "sqlmap/1.7.8"
172.16.0.12 - - [25/Jan/2024:07:30:12 +0000] "PUT /api/v1/search HTTP/1.1" 200 32393 "-" "Googlebot/2.1"
10.10.10.10 - - [11/Jan/2024:18:22:46 +0000] "PUT /admin/dashboard HTTP/1.1" 200 36394 "-" "curl/7.88.1"
192.168.0.1 - - [12/Jan/2024:17:24:28 +0000] "DELETE /admin/dashboard HTTP/1.1" 404 7000 "-" "sqlmap/1.7.8"
10.0.0.4 - - [16/Jan/2024:16:26:27 +0000] "POST /static/style.css HTTP/1.1" 200 19220 "-" "Mozilla/5.0 (Windows NT 10.0; Win64; x64) AppleWebKit/537.36"
198.51.100.7 - - [19/Jan/2024:15:46:05 +0000] "PATCH /api/v1/payments HTTP/1.1" 200 38254 "-" "sqlmap/1.7.8"
10.10.10.10 - - [22/Jan/2024:02:54:47 +0000] "DELETE /api/v1/users HTTP/1.1" 200 45980 "-" "python-requests/2.28.0"
192.168.0.1 - - [02/Jan/2024:19:01:29 +0000] "POST /api/v1/products HTTP/1.1" 200 17633 "-" "python-requests/2.28.0"
66.249.64.15 - - [21/Jan/2024:15:52:07 +0000] "POST /health HTTP/1.1" 200 9899 "-" "curl/7.88.1"
54.23.111.8 - - [16/Jan/2024:03:33:52 +0000] "PATCH /admin/dashboard HTTP/1.1" 429 5637 "-" "Googlebot/2.1"
203.0.113.42 - - [25/Jan/2024:09:52:48 +0000] "DELETE /api/v1/search HTTP/1.1" 200 15917 "-" "Wget/1.21.3"
192.168.1.5 - - [18/Jan/2024:14:22:08 +0000] "POST / HTTP/1.1" 200 44677 "-" "sqlmap/1.7.8"
10.10.10.10 - - [29/Jan/2024:00:11:18 +0000] "PUT /api/v1/products HTTP/1.1" 302 2638 "-" "Wget/1.21.3"
185.220.101.5 - - [18/Jan/2024:02:16:48 +0000] "PUT /api/v1/orders HTTP/1.1" 200 1723 "-" "Googlebot/2.1"
66.249.64.15 - - [13/Jan/2024:13:00:48 +0000] "DELETE /static/app.js HTTP/1.1" 200 40802 "-" "Googlebot/2.1"
185.220.101.5 - - [11/Jan/2024:09:25:51 +0000] "POST /health HTTP/1.1" 301 12122 "-" "sqlmap/1.7.8"
THIS IS A MALFORMED LINE WITH NO STRUCTURE
::1 - - [BADDATE] "GET / HTTP/1.1" 200 512

not-an-ip - - [01/Jan/2024:00:00:00 +0000] "GET / HTTP/1.1" abc 0
