172.16.0.12 - - [13/Jan/2024:22:10:37 +0000] "PUT /api/v1/payments HTTP/1.1" 200 45131 "-" "Mozilla/5.0 (Windows NT 10.0; Win64; x64) AppleWebKit/537.36"
172.16.0.12 - - [27/Jan/2024:12:32:53 +0000] "DELETE / HTTP/1.1" 404 1181 "-" "python-requests/2.28.0"
10.10.10.10 - - [23/Jan/2024:22:21:44 +0000] "PUT /health HTTP/1.1" 404 38306 "-" "python-requests/2.28.0"
203.0.113.42 - - [08/Jan/2024:06:48:45 +0000] "PUT /admin/dashboard HTTP/1.1" 400 8720 "-" "curl/7.88.1"
54.23.111.8 - - [18/Jan/2024:22:10:18 +0000] "POST /static/app.js HTTP/1.1" 200 26559 "-" "python-requests/2.28.0"
203.0.113.42 - - [19/Jan/2024:15:17:57 +0000] "GET /static/app.js HTTP/1.1" 301 10964 "-" "Googlebot/2.1"
185.220.101.5 - - [16/Jan/2024:05:21:30 +0000] "POST /admin/dashboard HTTP/1.1" 502 20213 "-" "Googlebot/2.1"
192.168.0.1 - - [12/Jan/2024:15:46:44 +0000] "PATCH /api/v1/search HTTP/1.1" 200 11083 "-" "Wget/1.21.3"
66.249.64.15 - - [05/Jan/2024:16:16:30 +0000] "PATCH /api/v1/webhooks HTTP/1.1" 200 10069 "-" "Googlebot/2.1"
172.16.0.12 - - [19/Jan/2024:00:43:28 +0000] "POST /static/app.js HTTP/1.1" 200 47124 "-" "sqlmap/1.7.8"
66.249.64.15 - - [07/Jan/2024:05:15:47 +0000] "PATCH /api/v1/users HTTP/1.1" 500 34849 "-" "Mozilla/5.0 (Windows NT 10.0; Win64; x64) AppleWebKit/537.36"
10.10.10.10 - - [30/Jan/2024:03:31:56 +0000] "GET /api/v1/payments HTTP/1.1" 201 22231 "-" "python-requests/2.28.0"
54.23.111.8 - - [29/Jan/2024:12:40:34 +0000] "GET /api/v1/search HTTP/1.1" 401 37349 "-" "Mozilla/5.0 (Windows NT 10.0; Win64; x64) AppleWebKit/537.36"
203.0.113.42 - - [26/Jan/2024:22:21:36 +0000] "DELETE / HTTP/1.1" 404 45676 "-" "Mozilla/5.0 (Windows NT 10.0; Win64; x64) AppleWebKit/537.36"
10.10.10.10 - - [28/Jan/2024:21:01:11 +0000] "PATCH /admin/dashboard HTTP/1.1" 200 2811 "-" "Wget/1.21.3"
54.23.111.8 - - [05/Jan/2024:17:19:45 +0000] "POST /api/v1/search HTTP/1.1" 200 34216 "-" "curl/7.88.1"
54.23.111.8 - - [29/Jan/2024:03:24:12 +0000] "PUT /api/v1/webhooks HTTP/1.1" 201 13179 "-" "python-requests/2.28.0"
198.51.100.7 - - [10/Jan/2024:12:46:23 +0000] "DELETE /api/v1/search HTTP/1.1" 403 41149 "-" "python-requests/2.28.0"
192.168.1.5 - - [22/Jan/2024:23:46:35 +0000] "POST /admin/dashboard HTTP/1.1" 201 28016 "-" "Mozilla/5.0 (Windows NT 10.0; Win64; x64) AppleWebKit/537.36"
10.10.10.10 - - [05/Jan/2024:05:03:54 +0000] "POST /static/app.js HTTP/1.1" 403 29321 "-" "Wget/1.21.3"
192.168.1.5 - - [05/Jan/2024:22:54:38 +0000] "DELETE /api/v1/payments HTTP/1.1" 200 36043 "-" "python-requests/2.28.0"
10.10.10.10 - - [20/Jan/2024:00:21:02 +0000] "PUT /api/v1/orders HTTP/1.1" 200 17289 "-" "Mozilla/5.0 (Windows NT 10.0; Win64; x64) AppleWebKit/537.36"
198.51.100.7 - - [05/Jan/2024:19:44:42 +0000] "PATCH /api/v2/auth/login HTTP/1.1" 201 23182 "-" "curl/7.88.1"
66.249.64.15 - - [14/Jan/2024:10:53:24 +0000] "GET /api/v1/payments HTTP/1.1" 503 6016 "-" "curl/7.88.1"
54.23.111.8 - - [25/Jan/2024:10:31:36 +0000] "GET /api/v1/orders HTTP/1.1" 200 33034 "-" "Wget/1.21.3"
10.10.10.10 - - [05/Jan/2024:01:04:42 +0000] "DELETE /api/v1/search HTTP/1.1" 404 40925 "-" "python-requests/2.28.0"
185.220.101.5 - - [07/Jan/2024:07:58:37 +0000] "PATCH /health HTTP/1.1" 200 33227 "-" "curl/7.88.1"
66.249.64.15 - - [21/Jan/2024:08:11:50 +0000] "DELETE /api/v1/users HTTP/1.1" 200 38840 "-" "Wget/1.21.3"
198.51.100.7 - - [30/Jan/2024:00:12:33 +0000] "PUT /api/v1/webhooks HTTP/1.1" 200 34485 "-" "Googlebot/2.1"
172.16.0.12 - - [06/Jan/2024:04:07:23 +0000] "GET /static/style.css HTTP/1.1" 201 32115 "-" "python-requests/2.28.0"
185.220.101.5 - - [18/Jan/2024:02:05:43 +0000] "POST / HTTP/1.1" 200 37458 "-" "Mozilla/5.0 (Windows NT 10.0; Win64; x64) AppleWebKit/537.36"
66.249.64.15 - - [29/Jan/2024:20:27:39 +0000] "POST /static/app.js HTTP/1.1" 502 47904 "-" "Wget/1.21.3"
10.0.0.4 - - [01/Jan/2024:04:54:38 +0000] "PATCH /admin/dashboard HTTP/1.1" 500 44908 "-" "Googlebot/2.1"
10.0.0.4 - - [06/Jan/2024:02:30:03 +0000] "DELETE /static/style.css HTTP/1.1" 403 6291 "-" "curl/7.88.1"
54.23.111.8 - - [16/Jan/2024:17:46:19 +0000] "DELETE /api/v1/payments HTTP/1.1" 200 18892 "-" "sqlmap/1.7.8"
203.0.113.42 - - [04/Jan/2024:09:27:36 +0000] "GET /api/v1/orders HTTP/1.1" 200 11168 "-" "python-requests/2.28.0"
185.220.101.5 - - [24/Jan/2024:22:25:25 +0000] "PATCH /api/v2/auth/login HTTP/1.1" 200 37798 "-" "Wget/1.21.3"
54.23.111.8 - - [18/Jan/2024:13:54:41 +0000] "GET /static/style.css HTTP/1.1" 500 41606 "-" "python-requests/2.28.0"
198.51.100.7 - - [05/Jan/2024:10:11:31 +0000] "PATCH /api/v1/products HTTP/1.1" 200 12353 "-" "Googlebot/2.1"
203.0.113.42 - - [24/Jan/2024:23:28:03 +0000] "PATCH /static/style.css HTTP/1.1" 200 29104 "-" "Googlebot/2.1"
10.10.10.10 - - [12/Jan/2024:03:02:17 +0000] "PUT /api/v1/orders HTTP/1.1" 500 26911 "-" "Wget/1.21.3"
203.0.113.42 - - [16/Jan/2024:18:23:59 +0000] "DELETE /static/style.css HTTP/1.1" 301 42710 "-" "curl/7.88.1"
192.168.0.1 - - [30/Jan/2024:11:42:43 +0000] "GET /api/v1/webhooks HTTP/1.1" 301 28924 "-" "Mozilla/5.0 (Windows NT 10.0; Win64; x64) AppleWebKit/537.36"
10.10.10.10 - - [11/Jan/2024:18:53:17 +0000] "DELETE /api/v1/orders HTTP/1.1" 200 2056 "-" "python-requests/2.28.0"
54.23.111.8 - - [26/Jan/2024:00:42:59 +0000] "POST /api/v1/products HTTP/1.1" 404 43469 "-" "curl/7.88.1"
192.168.1.5 - - [14/Jan/2024:23:00:26 +0000] "PUT / HTTP/1.1" 403 24835 "-" "curl/7.88.1"
185.220.101.5 - - [15/Jan/2024:14:07:48 +0000] "DELETE /api/v1/orders HTTP/1.1" 200 3645 "-" "Mozilla/5.0 (Windows NT 10.0; Win64; x64) AppleWebKit/537.36"
54.23.111.8 - - [02/Jan/2024:04:34:26 +0000] "DELETE /api/v1/payments HTTP/1.1" 200 41681 "-" "python-requests/2.28.0"
54.23.111.8 - - [23/Jan/2024:02:20:38 +0000] "GET / HTTP/1.1" 200 39902 "-" "Mozilla/5.0 (Windows NT 10.0; Win64; x64) AppleWebKit/537.36"
192.168.1.5 - - [09/Jan/2024:16:11:36 +0000] "GET /api/v1/payments HTTP/1.1" 301 12577 "-" "Googlebot/2.1"
192.168.1.5 - - [12/Jan/2024:17:15:33 +0000] "GET /static/app.js HTTP/1.1" 200 14558 "-" "sqlmap/1.7.8"
10.0.0.4 - - [28/Jan/2024:03:06:09 +0000] "PATCH /api/v2/auth/login HTTP/1.1" 200 30195 "-" "sqlmap/1.7.8"
198.51.100.7 - - [23/Jan/2024:19:47:49 +0000] "PATCH /api/v1/orders HTTP/1.1" 200 13897 "-" "Mozilla/5.0 (Windows NT 10.0; Win64; x64) AppleWebKit/537.36"
66.249.64.15 - - [19/Jan/2024:13:37:25 +0000] "POST /static/style.css HTTP/1.1" 201 46289 "-" "Mozilla/5.0 (Windows NT 10.0; Win64; x64) AppleWebKit/537.36"
192.168.1.5 - - [26/Jan/2024:05:40:52 +0000] "PATCH /static/style.css HTTP/1.1" 200 29665 "-" "sqlmap/1.7.8"
192.168.0.1 - - [24/Jan/2024:05:26:05 +0000] "PUT /api/v1/products HTTP/1.1" 400 40207 "-" "sqlmap/1.7.8"
10.10.10.10 - - [03/Jan/2024:06:45:23 +0000] "PATCH /health HTTP/1.1" 201 12844 "-" "Wget/1.21.3"
172.16.0.12 - - [15/Jan/2024:15:59:46 +0000] "PUT / HTTP/1.1" 200 29154 "-" "sqlmap/1.7.8"
203.0.113.42 - - [20/Jan/2024:06:55:01 +0000] "POST /static/style.css HTTP/1.1" 500 6802 "-" "python-requests/2.28.0"
198.51.100.7 - - [21/Jan/2024:01:55:05 +0000] "PUT /api/v1/search HTTP/1.1" 200 2285 "-" "python-requests/2.28.0"
192.168.1.5 - - [15/Jan/2024:05:50:59 +0000] "DELETE /api/v1/orders HTTP/1.1" 200 24705 "-" "curl/7.88.1"
54.23.111.8 - - [08/Jan/2024:12:50:18 +0000] "DELETE / HTTP/1.1" 302 10305 "-" "python-requests/2.28.0"
172.16.0.12 - - [18/Jan/2024:11:40:27 +0000] "DELETE /static/style.css HTTP/1.1" 401 7074 "-" "Mozilla/5.0 (Windows NT 10.0; Win64; x64) AppleWebKit/537.36"
10.0.0.4 - - [15/Jan/2024:02:49:01 +0000] "PATCH /api/v1/orders HTTP/1.1" 301 18062 "-" "Mozilla/5.0 (Windows NT 10.0; Win64; x64) AppleWebKit/537.36"
203.0.113.42 - - [10/Jan/2024:00:01:07 +0000] "PATCH /api/v1/users HTTP/1.1" 301 16837 "-" "sqlmap/1.7.8"
66.249.64.15 - - [30/Jan/2024:01:52:04 +0000] "POST /api/v1/users HTTP/1.1" 200 15394 "-" "Mozilla/5.0 (Windows NT 10.0; Win64; x64) AppleWebKit/537.36"
192.168.1.5 - - [10/Jan/2024:21:28:46 +0000] "DELETE /api/v1/search HTTP/1.1" 200 12909 "-" "Wget/1.21.3"
66.249.64.15 - - [06/Jan/2024:05:40:09 +0000] "GET /api/v1/products HTTP/1.1" 403 38618 "-" "Googlebot/2.1"
203.0.113.42 - - [07/Jan/2024:09:43:23 +0000] "GET /api/v1/orders HTTP/1.1" 201 288 "-" "Wget/1.21.3"
10.0.0.4 - - [03/Jan/2024:15:07:05 +0000] "POST /api/v1/payments HTTP/1.1" 200 29553 "-" "python-requests/2.28.0"
10.10.10.10 - - [18/Jan/2024:20:01:22 +0000] "POST /admin/dashboard HTTP/1.1" 201 23935 "-" "python-requests/2.28.0"
54.23.111.8 - - [06/Jan/2024:19:00:33 +0000] "DELETE /api/v2/auth/login HTTP/1.1" 200 20109 "-" "sqlmap/1.7.8"
172.16.0.12 - - [28/Jan/2024:09:14:47 +0000] "PATCH / HTTP/1.1" 201 3465 "-" "python-requests/2.28.0"
66.249.64.15 - - [28/Jan/2024:09:03:20 +0000] "GET /api/v2/auth/login HTTP/1.1" 500 44235 "-" "curl/7.88.1"
10.10.10.10 - - [30/Jan/2024:01:17:18 +0000] "POST /admin/dashboard HTTP/1.1" 404 3789 "-" "curl/7.88.1"
203.0.113.42 - - [20/Jan/2024:05:32:28 +0000] "PUT /admin/dashboard HTTP/1.1" 200 38511 "-" "Mozilla/5.0 (Windows NT 10.0; Win64; x64) AppleWebKit/537.36"
203.0.113.42 - - [02/Jan/2024:17:09:48 +0000] "PATCH /health HTTP/1.1" 200 32207 "-" "sqlmap/1.7.8"
203.0.113.42 - - [17/Jan/2024:18:43:07 +0000] "PUT / HTTP/1.1" 403 28182 "-" "sqlmap/1.7.8"
54.23.111.8 - - [01/Jan/2024:15:23:13 +0000] "PATCH /api/v1/products HTTP/1.1" 201 13056 "-" "sqlmap/1.7.8"
172.16.0.12 - - [18/Jan/2024:09:25:09 +0000] "DELETE /admin/dashboard HTTP/1.1" 200 21748 "-" "Googlebot/2.1"
172.16.0.12 - - [12/Jan/2024:11:06:46 +0000] "PATCH /api/v2/auth/login HTTP/1.1" 200 15250 "-" "curl/7.88.1"
198.51.100.7 - - [09/Jan/2024:09:21:38 +0000] "DELETE /api/v1/users HTTP/1.1" 200 10393 "-" "curl/7.88.1"
66.249.64.15 - - [09/Jan/2024:11:06:18 +0000] "POST /api/v2/auth/login HTTP/1.1" 301 1771 "-" "python-requests/2.28.0"
192.168.1.5 - - [26/Jan/2024:17:01:41 +0000] "GET /api/v1/users HTTP/1.1" 302 25608 "-" "Mozilla/5.0 (Windows NT 10.0; Win64; x64) AppleWebKit/537.36"
66.249.64.15 - - [02/Jan/2024:06:54:40 +0000] "GET /static/style.css HTTP/1.1" 200 393 "-" "Googlebot/2.1"
54.23.111.8 - - [08/Jan/2024:15:19:18 +0000] "GET /health HTTP/1.1" 400 26816 "-" "python-requests/2.28.0"
185.220.101.5 - - [21/Jan/2024:22:45:01 +0000] "PUT /api/v1/search HTTP/1.1" 200 41142 "-" "Mozilla/5.0 (Windows NT 10.0; Win64; x64) AppleWebKit/537.36"
198.51.100.7 - - [11/Jan/2024:09:49:45 +0000] "PATCH /api/v1/products HTTP/1.1" 200 29271 "-" "python-requests/2.28.0"
66.249.64.15 - - [07/Jan/2024:21:45:52 +0000] "DELETE /admin/dashboard HTTP/1.1" 200 16238 "-" "Googlebot/2.1"
198.51.100.7 - - [18/Jan/2024:21:52:30 +0000] "GET / HTTP/1.1" 200 27084 "-" "Mozilla/5.0 (Windows NT 10.0; Win64; x64) AppleWebKit/537.36"
10.0.0.4 - - [07/Jan/2024:00:42:11 +0000] "PATCH /api/v1/orders HTTP/1.1" 200 22344 "-" "python-requests/2.28.0"
185.220.101.5 - - [17/Jan/2024:16:52:31 +0000] "PUT /api/v1/orders HTTP/1.1" 301 17963 "-" "Googlebot/2.1"
54.23.111.8 - - [03/Jan/2024:22:51:49 +0000] "POST /static/style.css HTTP/1.1" 200 17793 "-" "sqlmap/1.7.8"
66.249.64.15 - - [17/Jan/2024:22:44:35 +0000] "PATCH /static/style.css HTTP/1.1" 301 21542 "-" "python-requests/2.28.0"
10.0.0.4 - - [13/Jan/2024:05:29:12 +0000] "PUT /api/v1/search HTTP/1.1" 200 31837 "-" "Wget/1.21.3"
198.51.100.7 - - [18/Jan/2024:00:03:57 +0000] "PATCH /static/style.css HTTP/1.1" 201 39264 "-" "python-requests/2.28.0"
192.168.1.5 - - [21/Jan/2024:03:55:21 +0000] "DELETE /api/v1/webhooks HTTP/1.1" 200 5910 "-" "curl/7.88.1"
10.10.10.10 - - [02/Jan/2024:00:00:31 +0000] "PATCH /admin/dashboard HTTP/1.1" 302 45026 "-" "Mozilla/5.0 (Windows NT 10.0; Win64; x64) AppleWebKit/537.36"
54.23.111.8 - - [09/Jan/2024:18:21:46 +0000] "DELETE /api/v1/webhooks HTTP/1.1" 200 3091 "-" "sqlmap/1.7.8"
185.220.101.5 - - [23/Jan/2024:16:07:40 +0000] "GET /api/v1/users HTTP/1.1" 200 46275 "-" "Mozilla/5.0 (Windows NT 10.0; Win64; x64) AppleWebKit/537.36"
10.10.10.10 - - [22/Jan/2024:10:04:48 +0000] "PATCH /static/app.js HTTP/1.1" 200 2667 "-" "Mozilla/5.0 (Windows NT 10.0; Win64; x64) AppleWebKit/537.36"
192.168.1.5 - - [03/Jan/2024:06:06:59 +0000] "GET /api/v1/webhooks HTTP/1.1" 429 4572 "-" "python-requests/2.28.0"
10.10.10.10 - - [01/Jan/2024:04:54:17 +0000] "DELETE /static/style.css HTTP/1.1" 200 28213 "-" "sqlmap/1.7.8"
203.0.113.42 - - [09/Jan/2024:08:33:42 +0000] "PATCH / HTTP/1.1" 301 44876 "-" "curl/7.88.1"
185.220.101.5 - - [16/Jan/2024:16:19:10 +0000] "PUT / HTTP/1.1" 201 32513 "-" "Wget/1.21.3"
192.168.1.5 - - [14/Jan/2024:11:33:38 +0000] "POST /api/v2/auth/login HTTP/1.1" 404 26133 "-" "python-requests/2.28.0"
198.51.100.7 - - [20/Jan/2024:09:48:44 +0000] "DELETE /api/v1/payments HTTP/1.1" 200 40538 "-" "sqlmap/1.7.8"
10.10.10.10 - - [15/Jan/2024:15:51:29 +0000] "PUT /api/v1/payments HTTP/1.1" 200 29141 "-" "Mozilla/5.0 (Windows NT 10.0; Win64; x64) AppleWebKit/537.36"
185.220.101.5 - - [13/Jan/2024:21:28:06 +0000] "PUT /api/v1/webhooks HTTP/1.1" 200 10148 "-" "Wget/1.21.3"
203.0.113.42 - - [26/Jan/2024:21:12:33 +0000] "POST / HTTP/1.1" 200 13200 "-" "Mozilla/5.0 (Windows NT 10.0; Win64; x64) AppleWebKit/537.36"
172.16.0.12 - - [25/Jan/2024:10:25:21 +0000] "PATCH /api/v1/payments HTTP/1.1" 404 26965 "-" "Mozilla/5.0 (Windows NT 10.0; Win64; x64) AppleWebKit/537.36"
192.168.0.1 - - [30/Jan/2024:04:58:45 +0000] "PUT /api/v1/products HTTP/1.1" 201 11999 "-" "sqlmap/1.7.8"
192.168.0.1 - - [06/Jan/2024:19:50:00 +0000] "PUT /api/v1/orders HTTP/1.1" 200 4539 "-" "sqlmap/1.7.8"
185.220.101.5 - - [07/Jan/2024:12:28:54 +0000] "GET /api/v1/orders HTTP/1.1" 401 34133 "-" "curl/7.88.1"
203.0.113.42 - - [03/Jan/2024:10:19:16 +0000] "DELETE /api/v2/auth/login HTTP/1.1" 200 3165 "-" "curl/7.88.1"
10.10.10.10 - - [05/Jan/2024:17:22:11 +0000] "DELETE /api/v1/payments HTTP/1.1" 400 28039 "-" "python-requests/2.28.0"
192.168.1.5 - - [02/Jan/2024:02:05:43 +0000] "POST /static/app.js HTTP/1.1" 500 17157 "-" "Googlebot/2.1"
172.16.0.12 - - [06/Jan/2024:13:21:30 +0000] "PATCH /static/style.css HTTP/1.1" 200 4979 "-" "sqlmap/1.7.8"
192.168.1.5 - - [16/Jan/2024:03:21:52 +0000] "PUT / HTTP/1.1" 404 25555 "-" "curl/7.88.1"
10.10.10.10 - - [09/Jan/2024:07:57:35 +0000] "PATCH /api/v1/webhooks HTTP/1.1" 401 43303 "-" "Mozilla/5.0 (Windows NT 10.0; Win64; x64) AppleWebKit/537.36"
10.0.0.4 - - [12/Jan/2024:08:00:58 +0000] "DELETE /static/style.css HTTP/1.1" 401 36062 "-" "curl/7.88.1"
172.16.0.12 - - [25/Jan/2024:03:56:21 +0000] "PUT /api/v1/users HTTP/1.1" 200 35724 "-" "python-requests/2.28.0"
10.10.10.10 - - [04/Jan/2024:21:52:33 +0000] "DELETE /api/v2/auth/login HTTP/1.1" 302 4383 "-" "Googlebot/2.1"
54.23.111.8 - - [16/Jan/2024:08:16:50 +0000] "DELETE /api/v1/webhooks HTTP/1.1" 200 21239 "-" "sqlmap/1.7.8"
185.220.101.5 - - [21/Jan/2024:15:10:32 +0000] "GET /api/v1/users HTTP/1.1" 200 17061 "-" "Wget/1.21.3"
192.168.0.1 - - [20/Jan/2024:23:59:14 +0000] "GET /static/app.js HTTP/1.1" 502 35828 "-" "curl/7.88.1"
192.168.0.1 - - [19/Jan/2024:00:51:00 +0000] "PATCH /admin/dashboard HTTP/1.1" 400 43905 "-" "curl/7.88.1"
198.51.100.7 - - [30/Jan/2024:10:00:11 +0000] "PUT /admin/dashboard HTTP/1.1" 200 23025 "-" "Wget/1.21.3"
172.16.0.12 - - [01/Jan/2024:02:52:49 +0000] "POST / HTTP/1.1" 200 47400 "-" "sqlmap/1.7.8"
192.168.1.5 - - [15/Jan/2024:06:30:54 +0000] "PATCH /api/v1/users HTTP/1.1" 200 17290 "-" "curl/7.88.1"
198.51.100.7 - - [04/Jan/2024:22:26:18 +0000] "PATCH / HTTP/1.1" 302 17234 "-" "python-requests/2.28.0"
172.16.0.12 - - [14/Jan/2024:13:15:09 +0000] "PATCH /api/v1/orders HTTP/1.1" 200 1261 "-" "Wget/1.21.3"
185.220.101.5 - - [19/Jan/2024:03:46:07 +0000] "PUT /api/v1/users HTTP/1.1" 201 44443 "-" "python-requests/2.28.0"
185.220.101.5 - - [06/Jan/2024:12:14:09 +0000] "POST /static/style.css HTTP/1.1" 301 47154 "-" "curl/7.88.1"
198.51.100.7 - - [30/Jan/2024:01:45:19 +0000] "POST /api/v1/payments HTTP/1.1" 201 7956 "-" "sqlmap/1.7.8"
54.23.111.8 - - [18/Jan/2024:04:24:29 +0000] "PUT /static/app.js HTTP/1.1" 200 568 "-" "python-requests/2.28.0"
66.249.64.15 - - [25/Jan/2024:01:49:30 +0000] "GET /api/v1/webhooks HTTP/1.1" 201 14447 "-" "Wget/1.21.3"
172.16.0.12 - - [02/Jan/2024:04:10:52 +0000] "DELETE /api/v2/auth/login HTTP/1.1" 200 33440 "-" "Mozilla/5.0 (Windows NT 10.0; Win64; x64) AppleWebKit/537.36"
66.249.64.15 - - [06/Jan/2024:09:46:56 +0000] "DELETE /static/style.css HTTP/1.1" 200 41245 "-" "Googlebot/2.1"
10.0.0.4 - - [23/Jan/2024:14:46:17 +0000] "PUT /api/v2/auth/login HTTP/1.1" 400 41492 "-" "sqlmap/1.7.8"
185.220.101.5 - - [02/Jan/2024:07:10:30 +0000] "GET /api/v1/payments HTTP/1.1" 302 4071 "-" "sqlmap/1.7.8"
192.168.1.5 - - [21/Jan/2024:18:25:04 +0000] "PUT /admin/dashboard HTTP/1.1" 200 25236 "-" "Googlebot/2.1"
66.249.64.15 - - [14/Jan/2024:05:03:00 +0000] "POST /api/v1/payments HTTP/1.1" 500 35832 "-" "Wget/1.21.3"
10.0.0.4 - - [14/Jan/2024:13:00:05 +0000] "GET /api/v1/orders HTTP/1.1" 200 20110 "-" "Wget/1.21.3"
10.10.10.10 - - [27/Jan/2024:19:49:05 +0000] "GET /api/v1/payments HTTP/1.1" 200 6343 "-" "sqlmap/1.7.8"
192.168.1.5 - - [06/Jan/2024:15:53:10 +0000] "PUT /static/app.js HTTP/1.1" 302 47307 "-" "Googlebot/2.1"
198.51.100.7 - - [23/Jan/2024:05:28:36 +0000] "DELETE /api/v2/auth/login HTTP/1.1" 200 30501 "-" "Wget/1.21.3"
172.16.0.12 - - [26/Jan/2024:10:36:00 +0000] "DELETE /admin/dashboard HTTP/1.1" 200 42041 "-" "sqlmap/1.7.8"
192.168.0.1 - - [15/Jan/2024:02:40:03 +0000] "DELETE /api/v1/users HTTP/1.1" 200 21285 "-" "curl/7.88.1"
54.23.111.8 - - [08/Jan/2024:22:28:22 +0000] "POST /api/v1/webhooks HTTP/1.1" 403 10604 "-" "Mozilla/5.0 (Windows NT 10.0; Win64; x64) AppleWebKit/537.36"
198.51.100.7 - - [29/Jan/2024:16:06:34 +0000] "PUT /api/v1/search HTTP/1.1" 502 17181 "-" "Wget/1.21.3"
203.0.113.42 - - [08/Jan/2024:23:43:09 +0000] "POST /api/v1/webhooks HTTP/1.1" 200 31878 "-" "curl/7.88.1"
10.10.10.10 - - [15/Jan/2024:06:52:29 +0000] "POST /static/style.css HTTP/1.1" 502 26141 "-" "Wget/1.21.3"
10.0.0.4 - - [16/Jan/2024:05:47:27 +0000] "POST /api/v1/payments HTTP/1.1" 201 21494 "-" "Mozilla/5.0 (Windows NT 10.0; Win64; x64) AppleWebKit/537.36"
203.0.113.42 - - [08/Jan/2024:09:23:36 +0000] "GET /api/v1/users HTTP/1.1" 200 8219 "-" "python-requests/2.28.0"
192.168.1.5 - - [02/Jan/2024:15:51:58 +0000] "GET /static/app.js HTTP/1.1" 200 9656 "-" "Wget/1.21.3"
192.168.0.1 - - [12/Jan/2024:02:48:03 +0000] "PATCH /api/v1/webhooks HTTP/1.1" 200 7033 "-" "curl/7.88.1"
10.0.0.4 - - [08/Jan/2024:01:06:52 +0000] "PATCH /api/v1/orders HTTP/1.1" 200 11907 "-" "sqlmap/1.7.8"
10.0.0.4 - - [20/Jan/2024:21:49:05 +0000] "DELETE /api/v2/auth/login HTTP/1.1" 404 8450 "-" "curl/7.88.1"
198.51.100.7 - - [15/Jan/2024:11:48:57 +0000] "GET /api/v1/products HTTP/1.1" 302 30441 "-" "curl/7.88.1"
172.16.0.12 - - [07/Jan/2024:10:56:17 +0000] "POST /api/v1/payments HTTP/1.1" 201 6830 "-" "Wget/1.21.3"
66.249.64.15 - - [18/Jan/2024:11:22:24 +0000] "PATCH /api/v1/users HTTP/1.1" 200 36571 "-" "sqlmap/1.7.8"
172.16.0.12 - - [12/Jan/2024:17:30:58 +0000] "PATCH /api/v1/webhooks HTTP/1.1" 200 17309 "-" "sqlmap/1.7.8"
172.16.0.12 - - [08/Jan/2024:14:31:09 +0000] "PUT /api/v1/webhooks HTTP/1.1" 200 32405 "-" "python-requests/2.28.0"
172.16.0.12 - - [23/Jan/2024:18:51:33 +0000] "POST /api/v1/webhooks HTTP/1.1" 200 30739 "-" "python-requests/2.28.0"
192.168.0.1 - - [06/Jan/2024:02:08:07 +0000] "GET /static/app.js HTTP/1.1" 401 24575 "-" "Googlebot/2.1"
198.51.100.7 - - [03/Jan/2024:01:03:26 +0000] "PATCH /api/v1/products HTTP/1.1" 301 21217 "-" "sqlmap/1.7.8"
192.168.0.1 - - [27/Jan/2024:11:00:24 +0000] "PUT / HTTP/1.1" 503 18193 "-" "curl/7.88.1"
185.220.101.5 - - [19/Jan/2024:13:01:51 +0000] "GET /api/v1/orders HTTP/1.1" 503 32553 "-" "python-requests/2.28.0"
198.51.100.7 - - [12/Jan/2024:15:31:44 +0000] "POST /api/v1/users HTTP/1.1" 200 39624 "-" "sqlmap/1.7.8"
192.168.1.5 - - [16/Jan/2024:14:23:13 +0000] "GET /api/v1/orders HTTP/1.1" 404 29074 "-" "Wget/1.21.3"
203.0.113.42 - - [29/Jan/2024:17:24:55 +0000] "PUT /api/v2/auth/login HTTP/1.1" 403 23878 "-" "Googlebot/2.1"
54.23.111.8 - - [14/Jan/2024:17:29:10 +0000] "GET /api/v1/users HTTP/1.1" 200 36637 "-" "sqlmap/1.7.8"
10.10.10.10 - - [12/Jan/2024:10:34:14 +0000] "PUT /api/v1/search HTTP/1.1" 200 20978 "-" "sqlmap/1.7.8"
192.168.0.1 - - [04/Jan/2024:18:41:46 +0000] "POST / HTTP/1.1" 500 38274 "-" "Mozilla/5.0 (Windows NT 10.0; Win64; x64) AppleWebKit/537.36"
192.168.0.1 - - [11/Jan/2024:08:32:37 +0000] "POST /api/v2/auth/login HTTP/1.1" 200 35443 "-" "Mozilla/5.0 (Windows NT 10.0; Win64; x64) AppleWebKit/537.36"
10.0.0.4 - - [24/Jan/2024:12:41:10 +0000] "DELETE /admin/dashboard HTTP/1.1" 200 29419 "-" "curl/7.88.1"
10.0.0.4 - - [26/Jan/2024:10:26:20 +0000] "GET /static/app.js HTTP/1.1" 200 44830 "-" "Googlebot/2.1"
54.23.111.8 - - [17/Jan/2024:04:00:33 +0000] "PUT /static/style.css HTTP/1.1" 400 37633 "-" "Googlebot/2.1"
198.51.100.7 - - [06/Jan/2024:17:04:12 +0000] "PUT /api/v1/search HTTP/1.1" 201 20868 "-" "sqlmap/1.7.8"
10.0.0.4 - - [15/Jan/2024:22:21:06 +0000] "POST /static/style.css HTTP/1.1" 200 27214 "-" "python-requests/2.28.0"
198.51.100.7 - - [20/Jan/2024:12:29:42 +0000] "GET /api/v1/webhooks HTTP/1.1" 200 23838 "-" "python-requests/2.28.0"
198.51.100.7 - - [16/Jan/2024:04:42:09 +0000] "POST /static/style.css HTTP/1.1" 200 15665 "-" "python-requests/2.28.0"
192.168.0.1 - - [16/Jan/2024:06:41:04 +0000] "GET /health HTTP/1.1" 200 29250 "-" "python-requests/2.28.0"
54.23.111.8 - - [17/Jan/2024:08:56:48 +0000] "POST /api/v1/webhooks HTTP/1.1" 301 46375 "-" "sqlmap/1.7.8"
54.23.111.8 - - [10/Jan/2024:09:12:10 +0000] "PATCH /api/v2/auth/login HTTP/1.1" 200 42544 "-" "Googlebot/2.1"
203.0.113.42 - - [11/Jan/2024:10:31:47 +0000] "PUT /api/v1/orders HTTP/1.1" 200 23196 "-" "curl/7.88.1"
192.168.0.1 - - [17/Jan/2024:00:48:18 +0000] "DELETE /static/style.css HTTP/1.1" 200 46073 "-" "Mozilla/5.0 (Windows NT 10.0; Win64; x64) AppleWebKit/537.36"
10.10.10.10 - - [20/Jan/2024:03:51:41 +0000] "GET /api/v1/search HTTP/1.1" 201 6881 "-" "Googlebot/2.1"
192.168.0.1 - - [03/Jan/2024:11:14:11 +0000] "GET /api/v1/payments HTTP/1.1" 201 38251 "-" "curl/7.88.1"
10.10.10.10 - - [01/Jan/2024:23:35:18 +0000] "POST /api/v1/search HTTP/1.1" 200 41573 "-" "Googlebot/2.1"
66.249.64.15 - - [23/Jan/2024:13:12:22 +0000] "GET / HTTP/1.1" 201 314 "-" "python-requests/2.28.0"
172.16.0.12 - - [10/Jan/2024:05:20:01 +0000] "DELETE /api/v1/payments HTTP/1.1" 200 23308 "-" "Wget/1.21.3"
66.249.64.15 - - [09/Jan/2024:10:14:43 +0000] "PATCH /api/v1/webhooks HTTP/1.1" 200 41498 "-" "sqlmap/1.7.8"
54.23.111.8 - - [27/Jan/2024:02:59:53 +0000] "POST /static/style.css HTTP/1.1" 200 22746 "-" "python-requests/2.28.0"
192.168.1.5 - - [18/Jan/2024:17:23:11 +0000] "POST /health HTTP/1.1" 200 20365 "-" "sqlmap/1.7.8"
10.0.0.4 - - [05/Jan/2024:13:07:24 +0000] "PATCH /api/v1/search HTTP/1.1" 400 10980 "-" "Googlebot/2.1"
203.0.113.42 - - [27/Jan/2024:18:14:56 +0000] "DELETE /api/v1/webhooks HTTP/1.1" 201 20873 "-" "Googlebot/2.1"
66.249.64.15 - - [20/Jan/2024:01:08:04 +0000] "PUT / HTTP/1.1" 200 46402 "-" "sqlmap/1.7.8"
198.51.100.7 - - [28/Jan/2024:14:24:55 +0000] "PATCH / HTTP/1.1" 429 11341 "-" "Mozilla/5.0 (Windows NT 10.0; Win64; x64) AppleWebKit/537.36"
54.23.111.8 - - [20/Jan/2024:19:31:17 +0000] "PATCH /api/v1/orders HTTP/1.1" 404 16351 "-" "Wget/1.21.3"
185.220.101.5 - - [20/Jan/2024:10:44:36 +0000] "POST /api/v2/auth/login HTTP/1.1" 200 39915 "-" "python-requests/2.28.0"
198.51.100.7 - - [28/Jan/2024:09:14:07 +0000] "GET /api/v1/users HTTP/1.1" 200 4382 "-" "python-requests/2.28.0"
172.16.0.12 - - [22/Jan/2024:10:46:29 +0000] "GET /health HTTP/1.1" 404 32080 "-" "sqlmap/1.7.8"
198.51.100.7 - - [12/Jan/2024:16:57:27 +0000] "GET /api/v1/webhooks HTTP/1.1" 200 44872 "-" "Wget/1.21.3"
172.16.0.12 - - [04/Jan/2024:14:26:39 +0000] "GET / HTTP/1.1" 200 23789 "-" "curl/7.88.1"
192.168.1.5 - - [22/Jan/2024:07:40:35 +0000] "POST /admin/dashboard HTTP/1.1" 200 31948 "-" "Googlebot/2.1"
54.23.111.8 - - [09/Jan/2024:21:10:07 +0000] "GET /api/v1/products HTTP/1.1" 404 38721 "-" "Wget/1.21.3"
66.249.64.15 - - [11/Jan/2024:03:45:42 +0000] "POST /api/v1/payments HTTP/1.1" 200 6500 "-" "sqlmap/1.7.8"
66.249.64.15 - - [11/Jan/2024:13:22:16 +0000] "PUT /api/v1/webhooks HTTP/1.1" 200 22283 "-" "python-requests/2.28.0"
10.10.10.10 - - [07/Jan/2024:19:59:10 +0000] "PUT /api/v1/users HTTP/1.1" 200 21083 "-" "sqlmap/1.7.8"
198.51.100.7 - - [04/Jan/2024:06:17:29 +0000] "DELETE /health HTTP/1.1" 302 36065 "-" "Wget/1.21.3"
185.220.101.5 - - [24/Jan/2024:04:12:24 +0000] "PUT /static/app.js HTTP/1.1" 401 3847 "-" "sqlmap/1.7.8"
203.0.113.42 - - [10/Jan/2024:21:50:44 +0000] "PUT /admin/dashboard HTTP/1.1" 401 4314 "-" "sqlmap/1.7.8"
185.220.101.5 - - [09/Jan/2024:17:02:45 +0000] "DELETE / HTTP/1.1" 200 40366 "-" "Googlebot/2.1"
192.168.0.1 - - [15/Jan/2024:03:03:47 +0000] "PATCH /api/v1/payments HTTP/1.1" 200 8139 "-" "python-requests/2.28.0"
185.220.101.5 - - [26/Jan/2024:08:15:36 +0000] "PUT /admin/dashboard HTTP/1.1" 200 11888 "-" "sqlmap/1.7.8"
10.0.0.4 - - [04/Jan/2024:16:08:42 +0000] "PATCH /admin/dashboard HTTP/1.1" 200 34460 "-" "sqlmap/1.7.8"
10.0.0.4 - - [30/Jan/2024:12:58:30 +0000] "PUT /static/app.js HTTP/1.1" 200 8948 "-" "Googlebot/2.1"
192.168.0.1 - - [03/Jan/2024:13:10:00 +0000] "DELETE /static/style.css HTTP/1.1" 404 3536 "-" "Wget/1.21.3"
185.220.101.5 - - [10/Jan/2024:14:52:17 +0000] "PATCH /api/v2/auth/login HTTP/1.1" 301 27594 "-" "Mozilla/5.0 (Windows NT 10.0; Win64; x64) AppleWebKit/537.36"
10.10.10.10 - - [02/Jan/2024:03:55:23 +0000] "PATCH /api/v1/search HTTP/1.1" 200 26828 "-" "curl/7.88.1"
172.16.0.12 - - [24/Jan/2024:20:49:12 +0000] "POST /api/v1/webhooks HTTP/1.1" 200 10594 "-" "curl/7.88.1"
10.10.10.10 - - [04/Jan/2024:08:46:32 +0000] "POST / HTTP/1.1" 401 32308 "-" "Mozilla/5.0 (Windows NT 10.0; Win64; x64) AppleWebKit/537.36"
54.23.111.8 - - [08/Jan/2024:19:27:16 +0000] "GET / HTTP/1.1" 403 6173 "-" "Mozilla/5.0 (Windows NT 10.0; Win64; x64) AppleWebKit/537.36"
66.249.64.15 - - [13/Jan/2024:00:03:21 +0000] "DELETE /api/v1/search HTTP/1.1" 200 25057 "-" "Mozilla/5.0 (Windows NT 10.0; Win64; x64) AppleWebKit/537.36"
192.168.0.1 - - [12/Jan/2024:07:03:15 +0000] "DELETE /api/v1/orders HTTP/1.1" 200 2430 "-" "Wget/1.21.3"
10.0.0.4 - - [19/Jan/2024:01:47:03 +0000] "PUT /api/v1/webhooks HTTP/1.1" 401 44831 "-" "python-requests/2.28.0"
203.0.113.42 - - [06/Jan/2024:00:57:23 +0000] "PUT /api/v1/webhooks HTTP/1.1" 201 6317 "-" "python-requests/2.28.0"
10.0.0.4 - - [24/Jan/2024:08:43:53 +0000] "PATCH /api/v2/auth/login HTTP/1.1" 200 8995 "-" "Wget/1.21.3"
203.0.113.42 - - [11/Jan/2024:01:07:18 +0000] "PUT /api/v1/search HTTP/1.1" 200 38911 "-" "Wget/1.21.3"
203.0.113.42 - - [08/Jan/2024:09:55:19 +0000] "POST /api/v1/search HTTP/1.1" 200 45895 "-" "python-requests/2.28.0"
10.0.0.4 - - [11/Jan/2024:09:58:31 +0000] "DELETE /admin/dashboard HTTP/1.1" 200 2758 "-" "curl/7.88.1"
172.16.0.12 - - [07/Jan/2024:16:02:09 +0000] "PUT /api/v1/webhooks HTTP/1.1" 200 29299 "-" "Mozilla/5.0 (Windows NT 10.0; Win64; x64) AppleWebKit/537.36"
54.23.111.8 - - [24/Jan/2024:19:19:36 +0000] "POST /admin/dashboard HTTP/1.1" 201 40506 "-" "sqlmap/1.7.8"
10.10.10.10 - - [16/Jan/2024:21:05:29 +0000] "DELETE /static/app.js HTTP/1.1" 404 1519 "-" "Wget/1.21.3"
192.168.0.1 - - [18/Jan/2024:04:46:26 +0000] "DELETE /health HTTP/1.1" 401 7851 "-" "Googlebot/2.1"
203.0.113.42 - - [09/Jan/2024:12:59:17 +0000] "POST /static/app.js HTTP/1.1" 200 22279 "-" "curl/7.88.1"
185.220.101.5 - - [09/Jan/2024:01:49:34 +0000] "PATCH /static/style.css HTTP/1.1" 502 30015 "-" "python-requests/2.28.0"
10.10.10.10 - - [22/Jan/2024:18:59:16 +0000] "GET /api/v2/auth/login HTTP/1.1" 400 27498 "-" "sqlmap/1.7.8"
172.16.0.12 - - [18/Jan/2024:22:10:29 +0000] "PUT /api/v2/auth/login HTTP/1.1" 404 664 "-" "sqlmap/1.7.8"
192.168.0.1 - - [23/Jan/2024:00:50:53 +0000] "GET / HTTP/1.1" 403 32385 "-" "curl/7.88.1"
10.0.0.4 - - [09/Jan/2024:14:15:23 +0000] "GET / HTTP/1.1" 200 1837 "-" "curl/7.88.1"
192.168.0.1 - - [08/Jan/2024:13:07:26 +0000] "PATCH /api/v1/webhooks HTTP/1.1" 200 37484 "-" "Mozilla/5.0 (Windows NT 10.0; Win64; x64) AppleWebKit/537.36"
66.249.64.15 - - [15/Jan/2024:17:15:31 +0000] "POST /api/v1/orders HTTP/1.1" 400 42753 "-" "Mozilla/5.0 (Windows NT 10.0; Win64; x64) AppleWebKit/537.36"
10.0.0.4 - - [19/Jan/2024:20:41:21 +0000] "PATCH /api/v2/auth/login HTTP/1.1" 400 13595 "-" "Mozilla/5.0 (Windows NT 10.0; Win64; x64) AppleWebKit/537.36"
203.0.113.42 - - [23/Jan/2024:01:50:37 +0000] "PATCH /static/style.css HTTP/1.1" 200 45984 "-" "Wget/1.21.3"
10.10.10.10 - - [14/Jan/2024:17:04:32 +0000] "GET / HTTP/1.1" 200 47165 "-" "Mozilla/5.0 (Windows NT 10.0; Win64; x64) AppleWebKit/537.36"
10.0.0.4 - - [11/Jan/2024:23:26:17 +0000] "PATCH /health HTTP/1.1" 201 7405 "-" "python-requests/2.28.0"
10.10.10.10 - - [12/Jan/2024:02:07:18 +0000] "PUT /api/v1/users HTTP/1.1" 200 39666 "-" "python-requests/2.28.0"
203.0.113.42 - - [22/Jan/2024:06:45:18 +0000] "POST /api/v1/webhooks HTTP/1.1" 404 11312 "-" "sqlmap/1.7.8"
54.23.111.8 - - [05/Jan/2024:22:41:28 +0000] "POST /api/v1/search HTTP/1.1" 200 43629 "-" "Wget/1.21.3"
203.0.113.42 - - [25/Jan/2024:08:12:59 +0000] "POST /health HTTP/1.1" 400 11221 "-" "python-requests/2.28.0"
192.168.1.5 - - [09/Jan/2024:06:34:06 +0000] "PATCH /admin/dashboard HTTP/1.1" 200 43512 "-" "Googlebot/2.1"
54.23.111.8 - - [04/Jan/2024:01:29:43 +0000] "PATCH /api/v1/products HTTP/1.1" 200 13418 "-" "Wget/1.21.3"
185.220.101.5 - - [05/Jan/2024:09:25:38 +0000] "PATCH /api/v1/products HTTP/1.1" 200 23083 "-" "python-requests/2.28.0"
192.168.0.1 - - [17/Jan/2024:19:51:46 +0000] "GET / HTTP/1.1" 404 26802 "-" "curl/7.88.1"
192.168.0.1 - - [26/Jan/2024:15:32:55 +0000] "POST /static/app.js HTTP/1.1" 302 10323 "-" "Mozilla/5.0 (Windows NT 10.0; Win64; x64) AppleWebKit/537.36"
185.220.101.5 - - [09/Jan/2024:01:57:25 +0000] "GET /api/v1/webhooks HTTP/1.1" 401 34667 "-" "curl/7.88.1"
185.220.101.5 - - [29/Jan/2024:00:12:15 +0000] "PATCH /admin/dashboard HTTP/1.1" 301 27248 "-" "sqlmap/1.7.8"
66.249.64.15 - - [01/Jan/2024:06:02:07 +0000] "DELETE /admin/dashboard HTTP/1.1" 302 30351 "-" "python-requests/2.28.0"
54.23.111.8 - - [29/Jan/2024:03:37:25 +0000] "DELETE /api/v1/webhooks HTTP/1.1" 502 5592 "-" "Mozilla/5.0 (Windows NT 10.0; Win64; x64) AppleWebKit/537.36"
172.16.0.12 - - [06/Jan/2024:19:31:34 +0000] "PUT /api/v1/users HTTP/1.1" 301 10223 "-" "Mozilla/5.0 (Windows NT 10.0; Win64; x64) AppleWebKit/537.36"
192.168.1.5 - - [21/Jan/2024:02:59:22 +0000] "PATCH /api/v1/orders HTTP/1.1" 200 36793 "-" "Wget/1.21.3"
172.16.0.12 - - [19/Jan/2024:02:58:41 +0000] "POST /api/v1/users HTTP/1.1" 302 2199 "-" "Googlebot/2.1"
192.168.0.1 - - [03/Jan/2024:11:14:17 +0000] "GET /health HTTP/1.1" 200 47408 "-" "Googlebot/2.1"
198.51.100.7 - - [04/Jan/2024:09:25:36 +0000] "PATCH /static/app.js HTTP/1.1" 201 20720 "-" "sqlmap/1.7.8"
185.220.101.5 - - [23/Jan/2024:21:23:02 +0000] "PATCH /api/v1/webhooks HTTP/1.1" 201 45812 "-" "Wget/1.21.3"
203.0.113.42 - - [13/Jan/2024:22:32:44 +0000] "POST /api/v1/search HTTP/1.1" 200 25993 "-" "curl/7.88.1"
185.220.101.5 - - [13/Jan/2024:01:19:41 +0000] "GET /api/v2/auth/login HTTP/1.1" 200 13763 "-" "Googlebot/2.1"
172.16.0.12 - - [04/Jan/2024:08:00:23 +0000] "PATCH /api/v1/search HTTP/1.1" 200 22769 "-" "Googlebot/2.1"
10.0.0.4 - - [05/Jan/2024:15:57:12 +0000] "GET /api/v1/products HTTP/1.1" 400 25445 "-" "Mozilla/5.0 (Windows NT 10.0; Win64; x64) AppleWebKit/537.36"
10.10.10.10 - - [25/Jan/2024:12:48:58 +0000] "PUT /api/v1/orders HTTP/1.1" 200 26182 "-" "curl/7.88.1"
66.249.64.15 - - [03/Jan/2024:03:56:56 +0000] "PATCH /api/v1/payments HTTP/1.1" 201 37553 "-" "python-requests/2.28.0"
203.0.113.42 - - [19/Jan/2024:01:08:18 +0000] "POST /api/v1/search HTTP/1.1" 200 45734 "-" "sqlmap/1.7.8"
192.168.0.1 - - [05/Jan/2024:18:20:21 +0000] "GET /static/style.css HTTP/1.1" 404 26625 "-" "Mozilla/5.0 (Windows NT 10.0; Win64; x64) AppleWebKit/537.36"
10.10.10.10 - - [01/Jan/2024:12:56:42 +0000] "PATCH /api/v2/auth/login HTTP/1.1" 401 32782 "-" "python-requests/2.28.0"
10.10.10.10 - - [27/Jan/2024:09:06:24 +0000] "GET /static/style.css HTTP/1.1" 201 30380 "-" "Wget/1.21.3"
172.16.0.12 - - [04/Jan/2024:04:11:36 +0000] "PUT /api/v1/payments HTTP/1.1" 200 38593 "-" "Googlebot/2.1"
66.249.64.15 - - [28/Jan/2024:12:19:48 +0000] "PATCH /static/style.css HTTP/1.1" 200 46353 "-" "Mozilla/5.0 (Windows NT 10.0; Win64; x64) AppleWebKit/537.36"
66.249.64.15 - - [16/Jan/2024:02:56:36 +0000] "PUT /api/v1/payments HTTP/1.1" 201 4297 "-" "curl/7.88.1"
66.249.64.15 - - [09/Jan/2024:20:53:01 +0000] "PATCH /api/v1/search HTTP/1.1" 401 41495 "-" "Wget/1.21.3"
10.0.0.4 - - [16/Jan/2024:13:51:40 +0000] "POST /health HTTP/1.1" 301 38086 "-" "sqlmap/1.7.8"
198.51.100.7 - - [27/Jan/2024:22:49:40 +0000] "PUT /admin/dashboard HTTP/1.1" 404 13339 "-" "python-requests/2.28.0"
10.10.10.10 - - [13/Jan/2024:03:45:21 +0000] "PATCH /api/v1/search HTTP/1.1" 200 22672 "-" "sqlmap/1.7.8"
172.16.0.12 - - [10/Jan/2024:12:52:36 +0000] "POST /admin/dashboard HTTP/1.1" 302 8599 "-" "Mozilla/5.0 (Windows NT 10.0; Win64; x64) AppleWebKit/537.36"
54.23.111.8 - - [16/Jan/2024:14:41:20 +0000] "DELETE /api/v1/webhooks HTTP/1.1" 201 8284 "-" "sqlmap/1.7.8"
10.0.0.4 - - [29/Jan/2024:10:50:57 +0000] "POST /api/v1/webhooks HTTP/1.1" 200 25270 "-" "Wget/1.21.3"
10.10.10.10 - - [30/Jan/2024:03:18:48 +0000] "GET /static/app.js HTTP/1.1" 200 34309 "-" "Mozilla/5.0 (Windows NT 10.0; Win64; x64) AppleWebKit/537.36"
66.249.64.15 - - [20/Jan/2024:17:58:19 +0000] "PATCH /api/v2/auth/login HTTP/1.1" 201 23007 "-" "sqlmap/1.7.8"
192.168.1.5 - - [11/Jan/2024:15:11:17 +0000] "GET /admin/dashboard HTTP/1.1" 200 45816 "-" "Wget/1.21.3"
203.0.113.42 - - [12/Jan/2024:19:28:00 +0000] "GET /api/v1/webhooks HTTP/1.1" 403 7529 "-" "python-requests/2.28.0"
203.0.113.42 - - [10/Jan/2024:09:52:40 +0000] "POST /static/app.js HTTP/1.1" 200 17457 "-" "Wget/1.21.3"
198.51.100.7 - - [20/Jan/2024:20:33:04 +0000] "PATCH /api/v1/webhooks HTTP/1.1" 403 14713 "-" "Mozilla/5.0 (Windows NT 10.0; Win64; x64) AppleWebKit/537.36"
203.0.113.42 - - [04/Jan/2024:23:07:45 +0000] "DELETE /api/v1/webhooks HTTP/1.1" 404 28129 "-" "curl/7.88.1"
203.0.113.42 - - [27/Jan/2024:16:23:00 +0000] "GET / HTTP/1.1" 200 24190 "-" "curl/7.88.1"
66.249.64.15 - - [09/Jan/2024:03:50:51 +0000] "GET /health HTTP/1.1" 404 4989 "-" "python-requests/2.28.0"
54.23.111.8 - - [04/Jan/2024:19:16:58 +0000] "POST /api/v1/users HTTP/1.1" 200 46153 "-" "curl/7.88.1"
192.168.0.1 - - [11/Jan/2024:17:08:58 +0000] "PATCH /api/v1/payments HTTP/1.1" 201 25745 "-" "sqlmap/1.7.8"
10.0.0.4 - - [12/Jan/2024:16:18:47 +0000] "DELETE /static/app.js HTTP/1.1" 200 38666 "-" "Googlebot/2.1"
192.168.1.5 - - [06/Jan/2024:16:03:44 +0000] "PATCH / HTTP/1.1" 302 41387 "-" "python-requests/2.28.0"
172.16.0.12 - - [09/Jan/2024:02:27:18 +0000] "POST /api/v1/webhooks HTTP/1.1" 200 29521 "-" "Wget/1.21.3"
192.168.1.5 - - [26/Jan/2024:05:05:14 +0000] "POST /admin/dashboard HTTP/1.1" 200 24023 "-" "Wget/1.21.3"
54.23.111.8 - - [09/Jan/2024:22:43:07 +0000] "GET /api/v1/search HTTP/1.1" 200 26529 "-" "Wget/1.21.3"
54.23.111.8 - - [05/Jan/2024:04:40:55 +0000] "DELETE /api/v1/search HTTP/1.1" 502 15766 "-" "Mozilla/5.0 (Windows NT 10.0; Win64; x64) AppleWebKit/537.36"
203.0.113.42 - - [05/Jan/2024:21:45:53 +0000] "PUT /api/v1/payments HTTP/1.1" 201 33895 "-" "Googlebot/2.1"
185.220.101.5 - - [12/Jan/2024:15:29:15 +0000] "DELETE / HTTP/1.1" 200 12447 "-" "python-requests/2.28.0"
198.51.100.7 - - [29/Jan/2024:15:39:25 +0000] "PUT /api/v1/search HTTP/1.1" 301 35858 "-" "sqlmap/1.7.8"
172.16.0.12 - - [06/Jan/2024:12:30:42 +0000] "DELETE / HTTP/1.1" 302 19455 "-" "Wget/1.21.3"
10.0.0.4 - - [13/Jan/2024:07:34:40 +0000] "GET /api/v1/orders HTTP/1.1" 200 23454 "-" "python-requests/2.28.0"
66.249.64.15 - - [22/Jan/2024:08:51:24 +0000] "GET /api/v1/webhooks HTTP/1.1" 200 22405 "-" "sqlmap/1.7.8"
54.23.111.8 - - [20/Jan/2024:20:10:44 +0000] "POST /api/v1/webhooks HTTP/1.1" 200 41236 "-" "Wget/1.21.3"
185.220.101.5 - - [17/Jan/2024:07:48:55 +0000] "GET /api/v1/payments HTTP/1.1" 302 38775 "-" "Wget/1.21.3"
10.0.0.4 - - [05/Jan/2024:14:55:12 +0000] "DELETE /api/v1/payments HTTP/1.1" 200 30117 "-" "Googlebot/2.1"
185.220.101.5 - - [01/Jan/2024:20:49:16 +0000] "PUT /api/v1/search HTTP/1.1" 302 25526 "-" "Mozilla/5.0 (Windows NT 10.0; Win64; x64) AppleWebKit/537.36"
198.51.100.7 - - [03/Jan/2024:22:09:40 +0000] "PATCH /api/v1/users HTTP/1.1" 500 17093 "-" "curl/7.88.1"
10.10.10.10 - - [07/Jan/2024:05:58:22 +0000] "PUT /health HTTP/1.1" 200 3445 "-" "curl/7.88.1"
172.16.0.12 - - [03/Jan/2024:12:31:44 +0000] "DELETE /health HTTP/1.1" 400 28359 "-" "Mozilla/5.0 (Windows NT 10.0; Win64; x64) AppleWebKit/537.36"
10.10.10.10 - - [02/Jan/2024:02:24:57 +0000] "POST /health HTTP/1.1" 502 20930 "-" "Googlebot/2.1"
10.10.10.10 - - [12/Jan/2024:19:10:22 +0000] "PUT /api/v1/orders HTTP/1.1" 302 26963 "-" "curl/7.88.1"
10.10.10.10 - - [07/Jan/2024:11:41:42 +0000] "PATCH /api/v2/auth/login HTTP/1.1" 201 45176 "-" "sqlmap/1.7.8"
172.16.0.12 - - [04/Jan/2024:00:39:04 +0000] "GET / HTTP/1.1" 200 2852 "-" "curl/7.88.1"
185.220.101.5 - - [08/Jan/2024:03:47:26 +0000] "PATCH /api/v1/payments HTTP/1.1" 200 11345 "-" "sqlmap/1.7.8"
185.220.101.5 - - [02/Jan/2024:02:00:44 +0000] "POST /api/v1/users HTTP/1.1" 200 36500 "-" "Mozilla/5.0 (Windows NT 10.0; Win64; x64) AppleWebKit/537.36"
203.0.113.42 - - [30/Jan/2024:02:56:18 +0000] "PUT /api/v1/webhooks HTTP/1.1" 403 20342 "-" "sqlmap/1.7.8"
66.249.64.15 - - [27/Jan/2024:23:35:58 +0000] "DELETE /static/style.css HTTP/1.1" 302 17683 "-" "sqlmap/1.7.8"
203.0.113.42 - - [25/Jan/2024:11:26:41 +0000] "PUT /api/v1/search HTTP/1.1" 200 9489 "-" "sqlmap/1.7.8"
185.220.101.5 - - [27/Jan/2024:23:05:02 +0000] "DELETE /api/v1/products HTTP/1.1" 400 40493 "-" "Googlebot/2.1"
66.249.64.15 - - [03/Jan/2024:04:36:11 +0000] "POST /static/app.js HTTP/1.1" 200 17229 "-" "sqlmap/1.7.8"
198.51.100.7 - - [19/Jan/2024:17:13:14 +0000] "POST /api/v1/webhooks HTTP/1.1" 200 5292 "-" "Googlebot/2.1"
54.23.111.8 - - [23/Jan/2024:04:44:31 +0000] "GET /api/v1/products HTTP/1.1" 404 47600 "-" "Googlebot/2.1"
192.168.0.1 - - [19/Jan/2024:21:05:44 +0000] "PUT / HTTP/1.1" 200 41554 "-" "Googlebot/2.1"
10.0.0.4 - - [10/Jan/2024:10:46:35 +0000] "POST /api/v1/search HTTP/1.1" 400 40798 "-" "Wget/1.21.3"
192.168.0.1 - - [02/Jan/2024:18:37:19 +0000] "POST /api/v1/products HTTP/1.1" 302 647 "-" "curl/7.88.1"
10.0.0.4 - - [14/Jan/2024:11:29:20 +0000] "GET /admin/dashboard HTTP/1.1" 301 13505 "-" "curl/7.88.1"
192.168.0.1 - - [05/Jan/2024:00:22:24 +0000] "POST /api/v1/search HTTP/1.1" 404 43156 "-" "Mozilla/5.0 (Windows NT 10.0; Win64; x64) AppleWebKit/537.36"
185.220.101.5 - - [06/Jan/2024:08:33:24 +0000] "POST /health HTTP/1.1" 302 12058 "-" "curl/7.88.1"
172.16.0.12 - - [15/Jan/2024:03:07:36 +0000] "GET /static/style.css HTTP/1.1" 200 26320 "-" "sqlmap/1.7.8"
192.168.1.5 - - [24/Jan/2024:12:41:26 +0000] "PATCH /health HTTP/1.1" 200 8412 "-" "curl/7.88.1"
192.168.0.1 - - [07/Jan/2024:08:38:29 +0000] "DELETE /api/v1/orders HTTP/1.1" 502 13386 "-" "curl/7.88.1"
203.0.113.42 - - [10/Jan/2024:00:56:30 +0000] "GET /admin/dashboard HTTP/1.1" 200 47245 "-" "Wget/1.21.3"
10.10.10.10 - - [05/Jan/2024:19:26:01 +0000] "POST /api/v1/payments HTTP/1.1" 200 22205 "-" "python-requests/2.28.0"
10.0.0.4 - - [30/Jan/2024:02:39:07 +0000] "PATCH /api/v1/users HTTP/1.1" 200 22435 "-" "python-requests/2.28.0"
203.0.113.42 - - [09/Jan/2024:14:36:28 +0000] "GET /static/style.css HTTP/1.1" 200 44525 "-" "Mozilla/5.0 (Windows NT 10.0; Win64; x64) AppleWebKit/537.36"
203.0.113.42 - - [29/Jan/2024:02:16:46 +0000] "POST /admin/dashboard HTTP/1.1" 429 17432 "-" "Mozilla/5.0 (Windows NT 10.0; Win64; x64) AppleWebKit/537.36"
54.23.111.8 - - [06/Jan/2024:21:39:11 +0000] "GET /admin/dashboard HTTP/1.1" 200 13749 "-" "sqlmap/1.7.8"
192.168.1.5 - - [05/Jan/2024:00:05:30 +0000] "PUT /static/app.js HTTP/1.1" 200 562 "-" "python-requests/2.28.0"
66.249.64.15 - - [03/Jan/2024:21:55:53 +0000] "DELETE /api/v1/webhooks HTTP/1.1" 200 41536 "-" "sqlmap/1.7.8"
54.23.111.8 - - [27/Jan/2024:06:25:52 +0000] "POST /api/v1/products HTTP/1.1" 404 36794 "-" "Wget/1.21.3"
10.0.0.4 - - [18/Jan/2024:00:58:41 +0000] "DELETE /api/v2/auth/login HTTP/1.1" 200 17615 "-" "Mozilla/5.0 (Windows NT 10.0; Win64; x64) AppleWebKit/537.36"
203.0.113.42 - - [22/Jan/2024:21:43:26 +0000] "PATCH /static/style.css HTTP/1.1" 500 17935 "-" "sqlmap/1.7.8"
66.249.64.15 - - [28/Jan/2024:19:37:41 +0000] "PUT /static/app.js HTTP/1.1" 200 41884 "-" "Wget/1.21.3"
10.0.0.4 - - [11/Jan/2024:16:49:12 +0000] "GET /api/v1/orders HTTP/1.1" 200 46946 "-" "sqlmap/1.7.8"
203.0.113.42 - - [10/Jan/2024:01:04:28 +0000] "DELETE / HTTP/1.1" 200 4169 "-" "Wget/1.21.3"
10.10.10.10 - - [01/Jan/2024:14:54:23 +0000] "POST /api/v1/users HTTP/1.1" 200 26457 "-" "Mozilla/5.0 (Windows NT 10.0; Win64; x64) AppleWebKit/537.36"
10.10.10.10 - - [03/Jan/2024:01:37:54 +0000] "PATCH /api/v1/users HTTP/1.1" 200 14467 "-" "Wget/1.21.3"
198.51.100.7 - - [10/Jan/2024:09:05:58 +0000] "GET /api/v2/auth/login HTTP/1.1" 401 10587 "-" "Mozilla/5.0 (Windows NT 10.0; Win64; x64) AppleWebKit/537.36"
10.0.0.4 - - [03/Jan/2024:23:39:45 +0000] "DELETE /api/v1/orders HTTP/1.1" 200 28142 "-" "curl/7.88.1"
10.10.10.10 - - [26/Jan/2024:05:48:32 +0000] "GET /api/v1/users HTTP/1.1" 429 16427 "-" "Googlebot/2.1"
10.10.10.10 - - [14/Jan/2024:17:15:44 +0000] "PUT /health HTTP/1.1" 301 29478 "-" "sqlmap/1.7.8"
172.16.0.12 - - [28/Jan/2024:17:52:39 +0000] "DELETE /api/v1/products HTTP/1.1" 201 34972 "-" "python-requests/2.28.0"
10.10.10.10 - - [01/Jan/2024:23:18:25 +0000] "PATCH /static/app.js HTTP/1.1" 401 4650 "-" "curl/7.88.1"
66.249.64.15 - - [23/Jan/2024:01:55:01 +0000] "POST /api/v1/search HTTP/1.1" 404 9281 "-" "Mozilla/5.0 (Windows NT 10.0; Win64; x64) AppleWebKit/537.36"
10.0.0.4 - - [28/Jan/2024:10:02:23 +0000] "POST /api/v2/auth/login HTTP/1.1" 403 29509 "-" "python-requests/2.28.0"
10.0.0.4 - - [28/Jan/2024:08:06:49 +0000] "PUT /api/v1/search HTTP/1.1" 200 21382 "-" "sqlmap/1.7.8"
185.220.101.5 - - [21/Jan/2024:12:41:23 +0000] "DELETE /api/v1/payments HTTP/1.1" 301 3265 "-" "curl/7.88.1"
192.168.0.1 - - [18/Jan/2024:20:25:10 +0000] "DELETE /api/v1/products HTTP/1.1" 500 16338 "-" "python-requests/2.28.0"
192.168.1.5 - - [24/Jan/2024:19:37:18 +0000] "DELETE /admin/dashboard HTTP/1.1" 200 44848 "-" "sqlmap/1.7.8"
54.23.111.8 - - [11/Jan/2024:16:03:54 +0000] "PATCH /static/style.css HTTP/1.1" 201 47465 "-" "python-requests/2.28.0"
192.168.0.1 - - [10/Jan/2024:05:09:56 +0000] "GET /api/v1/orders HTTP/1.1" 502 34956 "-" "Wget/1.21.3"
10.0.0.4 - - [23/Jan/2024:08:36:29 +0000] "DELETE /api/v1/payments HTTP/1.1" 200 22929 "-" "sqlmap/1.7.8"
10.10.10.10 - - [29/Jan/2024:14:28:44 +0000] "PUT /api/v1/orders HTTP/1.1" 200 13771 "-" "Googlebot/2.1"
10.0.0.4 - - [07/Jan/2024:16:06:45 +0000] "DELETE /admin/dashboard HTTP/1.1" 401 13201 "-" "sqlmap/1.7.8"
10.10.10.10 - - [28/Jan/2024:01:15:07 +0000] "POST /api/v1/orders HTTP/1.1" 400 28493 "-" "curl/7.88.1"
10.10.10.10 - - [19/Jan/2024:17:20:05 +0000] "PUT /api/v1/payments HTTP/1.1" 401 19188 "-" "Googlebot/2.1"
172.16.0.12 - - [15/Jan/2024:06:18:33 +0000] "GET /api/v2/auth/login HTTP/1.1" 200 8703 "-" "sqlmap/1.7.8"
172.16.0.12 - - [16/Jan/2024:22:13:59 +0000] "GET /api/v1/orders HTTP/1.1" 500 15321 "-" "sqlmap/1.7.8"
185.220.101.5 - - [07/Jan/2024:05:50:29 +0000] "PUT /admin/dashboard HTTP/1.1" 200 25292 "-" "sqlmap/1.7.8"
198.51.100.7 - - [12/Jan/2024:16:19:28 +0000] "POST /api/v1/orders HTTP/1.1" 200 15609 "-" "Wget/1.21.3"
54.23.111.8 - - [28/Jan/2024:14:38:48 +0000] "GET /static/app.js HTTP/1.1" 404 24195 "-" "python-requests/2.28.0"
10.0.0.4 - - [04/Jan/2024:19:58:55 +0000] "PATCH /static/style.css HTTP/1.1" 200 5860 "-" "Wget/1.21.3"
198.51.100.7 - - [09/Jan/2024:06:13:10 +0000] "DELETE /api/v1/products HTTP/1.1" 200 34474 "-" "Mozilla/5.0 (Windows NT 10.0; Win64; x64) AppleWebKit/537.36"
185.220.101.5 - - [19/Jan/2024:20:50:03 +0000] "POST /api/v1/webhooks HTTP/1.1" 200 29127 "-" "Mozilla/5.0 (Windows NT 10.0; Win64; x64) AppleWebKit/537.36"
172.16.0.12 - - [09/Jan/2024:07:56:36 +0000] "POST /health HTTP/1.1" 200 41454 "-" "Googlebot/2.1"
185.220.101.5 - - [13/Jan/2024:01:17:28 +0000] "PATCH / HTTP/1.1" 500 36875 "-" "Wget/1.21.3"
185.220.101.5 - - [15/Jan/2024:10:20:55 +0000] "PATCH /admin/dashboard HTTP/1.1" 302 19853 "-" "Googlebot/2.1"
10.10.10.10 - - [14/Jan/2024:06:48:40 +0000] "POST / HTTP/1.1" 200 22197 "-" "sqlmap/1.7.8"
185.220.101.5 - - [08/Jan/2024:16:57:43 +0000] "PUT /api/v1/products HTTP/1.1" 200 15716 "-" "sqlmap/1.7.8"
198.51.100.7 - - [09/Jan/2024:00:22:56 +0000] "PATCH /api/v2/auth/login HTTP/1.1" 200 14132 "-" "Wget/1.21.3"
10.0.0.4 - - [14/Jan/2024:15:43:41 +0000] "GET / HTTP/1.1" 200 1346 "-" "python-requests/2.28.0"
172.16.0.12 - - [01/Jan/2024:04:18:54 +0000] "GET /api/v1/orders HTTP/1.1" 200 10860 "-" "python-requests/2.28.0"
185.220.101.5 - - [14/Jan/2024:07:55:50 +0000] "PATCH /api/v1/payments HTTP/1.1" 403 14079 "-" "Mozilla/5.0 (Windows NT 10.0; Win64; x64) AppleWebKit/537.36"
10.10.10.10 - - [02/Jan/2024:05:39:00 +0000] "GET /static/style.css HTTP/1.1" 200 3322 "-" "python-requests/2.28.0"
203.0.113.42 - - [09/Jan/2024:08:04:11 +0000] "POST /api/v1/search HTTP/1.1" 200 44192 "-" "curl/7.88.1"
198.51.100.7 - - [20/Jan/2024:21:17:12 +0000] "PATCH /api/v2/auth/login HTTP/1.1" 200 10505 "-" "sqlmap/1.7.8"
192.168.1.5 - - [09/Jan/2024:16:48:55 +0000] "POST /api/v1/webhooks HTTP/1.1" 201 14518 "-" "Googlebot/2.1"
10.10.10.10 - - [06/Jan/2024:05:48:38 +0000] "GET /admin/dashboard HTTP/1.1" 200 42674 "-" "Mozilla/5.0 (Windows NT 10.0; Win64; x64) AppleWebKit/537.36"
54.23.111.8 - - [13/Jan/2024:07:14:17 +0000] "GET /api/v1/products HTTP/1.1" 200 19906 "-" "curl/7.88.1"
66.249.64.15 - - [15/Jan/2024:00:57:31 +0000] "DELETE /api/v1/products HTTP/1.1" 403 14782 "-" "curl/7.88.1"
54.23.111.8 - - [02/Jan/2024:16:10:19 +0000] "PUT /api/v2/auth/login HTTP/1.1" 200 33837 "-" "python-requests/2.28.0"
192.168.0.1 - - [05/Jan/2024:06:27:14 +0000] "PUT /static/style.css HTTP/1.1" 200 47209 "-" "Mozilla/5.0 (Windows NT 10.0; Win64; x64) AppleWebKit/537.36"
192.168.1.5 - - [20/Jan/2024:23:54:43 +0000] "PUT /api/v1/users HTTP/1.1" 200 21749 "-" "sqlmap/1.7.8"
192.168.1.5 - - [13/Jan/2024:05:04:42 +0000] "POST /api/v1/payments HTTP/1.1" 200 28579 "-" "Googlebot/2.1"
192.168.0.1 - - [23/Jan/2024:17:11:16 +0000] "PATCH /api/v1/users HTTP/1.1" 200 8848 "-" "Wget/1.21.3"
10.0.0.4 - - [28/Jan/2024:06:09:54 +0000] "POST /static/style.css HTTP/1.1" 200 40423 "-" "curl/7.88.1"
66.249.64.15 - - [09/Jan/2024:18:10:16 +0000] "PUT /api/v1/users HTTP/1.1" 503 18868 "-" "Mozilla/5.0 (Windows NT 10.0; Win64; x64) AppleWebKit/537.36"
203.0.113.42 - - [05/Jan/2024:19:38:42 +0000] "PUT / HTTP/1.1" 200 1044 "-" "Wget/1.21.3"
192.168.0.1 - - [09/Jan/2024:16:41:01 +0000] "GET /api/v1/products HTTP/1.1" 201 13363 "-" "Wget/1.21.3"
192.168.0.1 - - [11/Jan/2024:04:32:47 +0000] "PATCH /admin/dashboard HTTP/1.1" 200 13372 "-" "Wget/1.21.3"
172.16.0.12 - - [16/Jan/2024:14:21:10 +0000] "PUT /api/v1/search HTTP/1.1" 200 13138 "-" "sqlmap/1.7.8"
198.51.100.7 - - [11/Jan/2024:02:38:35 +0000] "DELETE /api/v1/products HTTP/1.1" 200 45977 "-" "python-requests/2.28.0"
192.168.1.5 - - [03/Jan/2024:16:23:28 +0000] "DELETE /api/v1/webhooks HTTP/1.1" 201 34020 "-" "sqlmap/1.7.8"
66.249.64.15 - - [08/Jan/2024:20:03:41 +0000] "GET /api/v1/payments HTTP/1.1" 201 3450 "-" "sqlmap/1.7.8"
66.249.64.15 - - [18/Jan/2024:04:24:48 +0000] "PUT / HTTP/1.1" 200 41802 "-" "sqlmap/1.7.8"
203.0.113.42 - - [20/Jan/2024:06:51:38 +0000] "PUT /static/app.js HTTP/1.1" 200 17372 "-" "Wget/1.21.3"
185.220.101.5 - - [17/Jan/2024:13:09:14 +0000] "PUT / HTTP/1.1" 200 44499 "-" "python-requests/2.28.0"
10.10.10.10 - - [26/Jan/2024:15:41:47 +0000] "PATCH /api/v1/search HTTP/1.1" 404 12829 "-" "Mozilla/5.0 (Windows NT 10.0; Win64; x64) AppleWebKit/537.36"
192.168.1.5 - - [01/Jan/2024:11:34:57 +0000] "DELETE /static/app.js HTTP/1.1" 200 19987 "-" "curl/7.88.1"
10.10.10.10 - - [04/Jan/2024:21:21:39 +0000] "PUT /api/v1/webhooks HTTP/1.1" 403 25259 "-" "Googlebot/2.1"
192.168.0.1 - - [06/Jan/2024:13:41:33 +0000] "POST /static/app.js HTTP/1.1" 201 33246 "-" "Wget/1.21.3"
198.51.100.7 - - [04/Jan/2024:10:09:23 +0000] "PATCH /api/v1/orders HTTP/1.1" 200 40509 "-" "python-requests/2.28.0"
192.168.1.5 - - [04/Jan/2024:14:32:15 +0000] "PUT /api/v2/auth/login HTTP/1.1" 200 30921 "-" "sqlmap/1.7.8"
10.0.0.4 - - [05/Jan/2024:06:49:51 +0000] "DELETE /api/v1/webhooks HTTP/1.1" 201 16725 "-" "sqlmap/1.7.8"
10.0.0.4 - - [01/Jan/2024:00:03:18 +0000] "PUT /api/v2/auth/login HTTP/1.1" 400 9772 "-" "sqlmap/1.7.8"
192.168.0.1 - - [11/Jan/2024:11:32:10 +0000] "DELETE /api/v1/webhooks HTTP/1.1" 200 9619 "-" "Wget/1.21.3"
10.0.0.4 - - [26/Jan/2024:20:34:05 +0000] "DELETE /api/v1/orders HTTP/1.1" 200 35641 "-" "Googlebot/2.1"
10.0.0.4 - - [03/Jan/2024:06:17:52 +0000] "PUT /api/v1/users HTTP/1.1" 200 11312 "-" "Googlebot/2.1"
192.168.1.5 - - [28/Jan/2024:08:39:22 +0000] "PATCH /api/v1/orders HTTP/1.1" 200 26039 "-" "Googlebot/2.1"
10.0.0.4 - - [01/Jan/2024:19:55:33 +0000] "PATCH /static/style.css HTTP/1.1" 301 6853 "-" "curl/7.88.1"
10.0.0.4 - - [14/Jan/2024:10:56:51 +0000] "DELETE /api/v1/webhooks HTTP/1.1" 429 18153 "-" "Wget/1.21.3"
172.16.0.12 - - [23/Jan/2024:17:07:03 +0000] "POST /static/style.css HTTP/1.1" 200 46591 "-" "Googlebot/2.1"
203.0.113.42 - - [06/Jan/2024:07:26:22 +0000] "POST /api/v1/products HTTP/1.1" 200 2528 "-" "Googlebot/2.1"
185.220.101.5 - - [05/Jan/2024:01:46:11 +0000] "GET /api/v1/orders HTTP/1.1" 201 28667 "-" "Wget/1.21.3"
185.220.101.5 - - [24/Jan/2024:23:45:21 +0000] "GET /health HTTP/1.1" 200 22139 "-" "Mozilla/5.0 (Windows NT 10.0; Win64; x64) AppleWebKit/537.36"
172.16.0.12 - - [13/Jan/2024:01:01:24 +0000] "PATCH /admin/dashboard HTTP/1.1" 200 13511 "-" "python-requests/2.28.0"
203.0.113.42 - - [21/Jan/2024:05:40:36 +0000] "PATCH /health HTTP/1.1" 200 26573 "-" "curl/7.88.1"
10.10.10.10 - - [18/Jan/2024:03:39:33 +0000] "PATCH /api/v1/orders HTTP/1.1" 200 39757 "-" "Wget/1.21.3"
172.16.0.12 - - [10/Jan/2024:12:58:10 +0000] "POST /api/v1/webhooks HTTP/1.1" 302 7522 "-" "curl/7.88.1"
